2026-05-16 15:04:11.815 +01:00 [INF]  Attempt 1/10: Checking database connection...
2026-05-16 15:04:13.027 +01:00 [INF]  Executed DbCommand (108ms) [Parameters=[], CommandType='"Text"', CommandTimeout='60']
SELECT 1
2026-05-16 15:04:13.125 +01:00 [INF]  Executed DbCommand (92ms) [Parameters=[], CommandType='"Text"', CommandTimeout='60']
SELECT OBJECT_ID(N'[__EFMigrationsHistory]');
2026-05-16 15:04:13.204 +01:00 [INF]  Executed DbCommand (79ms) [Parameters=[], CommandType='"Text"', CommandTimeout='60']
SELECT 1
2026-05-16 15:04:13.304 +01:00 [INF]  Executed DbCommand (73ms) [Parameters=[], CommandType='"Text"', CommandTimeout='60']
CREATE TABLE [__EFMigrationsHistory] (
    [MigrationId] nvarchar(150) NOT NULL,
    [ProductVersion] nvarchar(32) NOT NULL,
    CONSTRAINT [PK___EFMigrationsHistory] PRIMARY KEY ([MigrationId])
);
2026-05-16 15:04:13.361 +01:00 [INF]  Executed DbCommand (57ms) [Parameters=[], CommandType='"Text"', CommandTimeout='60']
SELECT 1
2026-05-16 15:04:13.424 +01:00 [INF]  Executed DbCommand (62ms) [Parameters=[], CommandType='"Text"', CommandTimeout='60']
SELECT OBJECT_ID(N'[__EFMigrationsHistory]');
2026-05-16 15:04:13.497 +01:00 [INF]  Executed DbCommand (72ms) [Parameters=[], CommandType='"Text"', CommandTimeout='60']
SELECT [MigrationId], [ProductVersion]
FROM [__EFMigrationsHistory]
ORDER BY [MigrationId];
2026-05-16 15:04:13.504 +01:00 [INF]  Applying migration '20260430011252_InitialCreate'.
2026-05-16 15:04:13.651 +01:00 [INF]  Executed DbCommand (59ms) [Parameters=[], CommandType='"Text"', CommandTimeout='60']
CREATE TABLE [Bookings] (
    [Id] uniqueidentifier NOT NULL,
    [ClientId] uniqueidentifier NOT NULL,
    [ProviderId] uniqueidentifier NOT NULL,
    [ServiceId] uniqueidentifier NOT NULL,
    [ScheduledDate] datetime2 NOT NULL,
    [Status] nvarchar(20) NOT NULL,
    [RequestedAt] datetime2 NOT NULL,
    [CreatedAt] datetime2 NOT NULL,
    [UpdatedAt] datetime2 NULL,
    [ScheduledAt] datetime2 NULL,
    [CompletedAt] datetime2 NULL,
    CONSTRAINT [PK_Bookings] PRIMARY KEY ([Id])
);
2026-05-16 15:04:13.711 +01:00 [INF]  Executed DbCommand (60ms) [Parameters=[], CommandType='"Text"', CommandTimeout='60']
CREATE TABLE [Categories] (
    [Id] uniqueidentifier NOT NULL,
    [Name] nvarchar(100) NOT NULL,
    [Description] nvarchar(500) NOT NULL,
    [CreatedAt] datetime2 NOT NULL,
    [UpdatedAt] datetime2 NULL,
    CONSTRAINT [PK_Categories] PRIMARY KEY ([Id])
);
2026-05-16 15:04:13.771 +01:00 [INF]  Executed DbCommand (60ms) [Parameters=[], CommandType='"Text"', CommandTimeout='60']
CREATE TABLE [Notifications] (
    [Id] uniqueidentifier NOT NULL,
    [UserId] uniqueidentifier NOT NULL,
    [Title] nvarchar(200) NOT NULL,
    [Message] nvarchar(1000) NOT NULL,
    [IsRead] bit NOT NULL,
    [CreatedAt] datetime2 NOT NULL,
    [ReadAt] datetime2 NULL,
    CONSTRAINT [PK_Notifications] PRIMARY KEY ([Id])
);
2026-05-16 15:04:13.833 +01:00 [INF]  Executed DbCommand (62ms) [Parameters=[], CommandType='"Text"', CommandTimeout='60']
CREATE TABLE [Portfolios] (
    [Id] uniqueidentifier NOT NULL,
    [ProviderId] uniqueidentifier NOT NULL,
    CONSTRAINT [PK_Portfolios] PRIMARY KEY ([Id])
);
2026-05-16 15:04:13.895 +01:00 [INF]  Executed DbCommand (62ms) [Parameters=[], CommandType='"Text"', CommandTimeout='60']
CREATE TABLE [Services] (
    [Id] uniqueidentifier NOT NULL,
    [ProviderId] uniqueidentifier NOT NULL,
    [CategoryId] uniqueidentifier NOT NULL,
    [Name] nvarchar(100) NOT NULL,
    [Description] nvarchar(500) NOT NULL,
    [Price] decimal(18,2) NOT NULL,
    [DurationMinutes] int NOT NULL,
    [IsActive] bit NOT NULL,
    [CreatedAt] datetime2 NOT NULL,
    [UpdatedAt] datetime2 NULL,
    CONSTRAINT [PK_Services] PRIMARY KEY ([Id])
);
2026-05-16 15:04:13.959 +01:00 [INF]  Executed DbCommand (63ms) [Parameters=[], CommandType='"Text"', CommandTimeout='60']
CREATE TABLE [Users] (
    [Id] uniqueidentifier NOT NULL,
    [Email] nvarchar(255) NOT NULL,
    [FirstName] nvarchar(50) NOT NULL,
    [LastName] nvarchar(50) NOT NULL,
    [PhoneNumber] nvarchar(20) NULL,
    [BlockReason] nvarchar(500) NULL,
    [SuspendReason] nvarchar(500) NULL,
    [Role] nvarchar(20) NOT NULL,
    [ProfilePictureUrl] nvarchar(1000) NOT NULL DEFAULT N'https://ui-avatars.com/api/?background=random',
    [ProfilePictureIsMain] bit NOT NULL DEFAULT CAST(1 AS bit),
    [IsEmailVerified] bit NOT NULL,
    [IsDeleted] bit NOT NULL,
    [IsBlocked] bit NOT NULL,
    [IsSuspended] bit NOT NULL,
    [CreatedAt] datetime2 NOT NULL,
    [UpdatedAt] datetime2 NULL,
    [DeletedAt] datetime2 NULL,
    [BlockedAt] datetime2 NULL,
    [SuspendedAt] datetime2 NULL,
    CONSTRAINT [PK_Users] PRIMARY KEY ([Id])
);
2026-05-16 15:04:14.021 +01:00 [INF]  Executed DbCommand (62ms) [Parameters=[], CommandType='"Text"', CommandTimeout='60']
CREATE TABLE [ChatRooms] (
    [Id] uniqueidentifier NOT NULL,
    [BookingId] uniqueidentifier NOT NULL,
    [CreatedAt] datetime2 NOT NULL,
    CONSTRAINT [PK_ChatRooms] PRIMARY KEY ([Id]),
    CONSTRAINT [FK_ChatRooms_Bookings_BookingId] FOREIGN KEY ([BookingId]) REFERENCES [Bookings] ([Id]) ON DELETE CASCADE
);
2026-05-16 15:04:14.087 +01:00 [INF]  Executed DbCommand (66ms) [Parameters=[], CommandType='"Text"', CommandTimeout='60']
CREATE TABLE [Reports] (
    [Id] uniqueidentifier NOT NULL,
    [BookingId] uniqueidentifier NOT NULL,
    [ReporterId] uniqueidentifier NOT NULL,
    [Reason] nvarchar(1000) NOT NULL,
    [Status] nvarchar(20) NOT NULL,
    [CreatedAt] datetime2 NOT NULL,
    CONSTRAINT [PK_Reports] PRIMARY KEY ([Id]),
    CONSTRAINT [FK_Reports_Bookings_BookingId] FOREIGN KEY ([BookingId]) REFERENCES [Bookings] ([Id]) ON DELETE CASCADE
);
2026-05-16 15:04:14.155 +01:00 [INF]  Executed DbCommand (68ms) [Parameters=[], CommandType='"Text"', CommandTimeout='60']
CREATE TABLE [Reviews] (
    [Id] uniqueidentifier NOT NULL,
    [ClientId] uniqueidentifier NOT NULL,
    [ServiceId] uniqueidentifier NOT NULL,
    [BookingId] uniqueidentifier NOT NULL,
    [Rating] int NOT NULL,
    [Comment] nvarchar(1000) NOT NULL,
    [CreatedAt] datetime2 NOT NULL,
    CONSTRAINT [PK_Reviews] PRIMARY KEY ([Id]),
    CONSTRAINT [FK_Reviews_Bookings_BookingId] FOREIGN KEY ([BookingId]) REFERENCES [Bookings] ([Id]) ON DELETE CASCADE
);
2026-05-16 15:04:14.219 +01:00 [INF]  Executed DbCommand (64ms) [Parameters=[], CommandType='"Text"', CommandTimeout='60']
CREATE TABLE [Projects] (
    [Id] uniqueidentifier NOT NULL,
    [Name] nvarchar(100) NOT NULL,
    [Description] nvarchar(1000) NOT NULL,
    [PortfolioId] uniqueidentifier NOT NULL,
    CONSTRAINT [PK_Projects] PRIMARY KEY ([Id]),
    CONSTRAINT [FK_Projects_Portfolios_PortfolioId] FOREIGN KEY ([PortfolioId]) REFERENCES [Portfolios] ([Id]) ON DELETE CASCADE
);
2026-05-16 15:04:14.279 +01:00 [INF]  Executed DbCommand (60ms) [Parameters=[], CommandType='"Text"', CommandTimeout='60']
CREATE TABLE [RefreshTokens] (
    [Id] uniqueidentifier NOT NULL,
    [UserId] uniqueidentifier NOT NULL,
    [Token] nvarchar(512) NOT NULL,
    [ExpiresAt] datetime2 NOT NULL,
    [CreatedAt] datetime2 NOT NULL,
    [RevokedAt] datetime2 NULL,
    CONSTRAINT [PK_RefreshTokens] PRIMARY KEY ([Id]),
    CONSTRAINT [FK_RefreshTokens_Users_UserId] FOREIGN KEY ([UserId]) REFERENCES [Users] ([Id]) ON DELETE CASCADE
);
2026-05-16 15:04:14.346 +01:00 [INF]  Executed DbCommand (66ms) [Parameters=[], CommandType='"Text"', CommandTimeout='60']
CREATE TABLE [UserCredentials] (
    [Id] uniqueidentifier NOT NULL,
    [UserId] uniqueidentifier NOT NULL,
    [PasswordHash] nvarchar(500) NOT NULL,
    [CreatedAt] datetime2 NOT NULL,
    [UpdatedAt] datetime2 NULL,
    CONSTRAINT [PK_UserCredentials] PRIMARY KEY ([Id]),
    CONSTRAINT [FK_UserCredentials_Users_UserId] FOREIGN KEY ([UserId]) REFERENCES [Users] ([Id]) ON DELETE CASCADE
);
2026-05-16 15:04:14.407 +01:00 [INF]  Executed DbCommand (61ms) [Parameters=[], CommandType='"Text"', CommandTimeout='60']
CREATE TABLE [ChatMessages] (
    [Id] uniqueidentifier NOT NULL,
    [ChatRoomId] uniqueidentifier NOT NULL,
    [SenderId] uniqueidentifier NOT NULL,
    [Content] nvarchar(4000) NOT NULL,
    [SentAt] datetime2 NOT NULL,
    [IsRead] bit NOT NULL,
    CONSTRAINT [PK_ChatMessages] PRIMARY KEY ([Id]),
    CONSTRAINT [FK_ChatMessages_ChatRooms_ChatRoomId] FOREIGN KEY ([ChatRoomId]) REFERENCES [ChatRooms] ([Id]) ON DELETE CASCADE
);
2026-05-16 15:04:14.470 +01:00 [INF]  Executed DbCommand (63ms) [Parameters=[], CommandType='"Text"', CommandTimeout='60']
CREATE TABLE [ProjectImages] (
    [ImageId] uniqueidentifier NOT NULL,
    [Url] nvarchar(1000) NOT NULL,
    [IsMain] bit NOT NULL,
    [ProjectId] uniqueidentifier NOT NULL,
    CONSTRAINT [PK_ProjectImages] PRIMARY KEY ([ImageId]),
    CONSTRAINT [FK_ProjectImages_Projects_ProjectId] FOREIGN KEY ([ProjectId]) REFERENCES [Projects] ([Id]) ON DELETE CASCADE
);
2026-05-16 15:04:14.534 +01:00 [INF]  Executed DbCommand (64ms) [Parameters=[], CommandType='"Text"', CommandTimeout='60']
CREATE INDEX [IX_Bookings_ClientId] ON [Bookings] ([ClientId]);
2026-05-16 15:04:14.593 +01:00 [INF]  Executed DbCommand (58ms) [Parameters=[], CommandType='"Text"', CommandTimeout='60']
CREATE INDEX [IX_Bookings_ProviderId] ON [Bookings] ([ProviderId]);
2026-05-16 15:04:14.655 +01:00 [INF]  Executed DbCommand (62ms) [Parameters=[], CommandType='"Text"', CommandTimeout='60']
CREATE INDEX [IX_Bookings_ServiceId] ON [Bookings] ([ServiceId]);
2026-05-16 15:04:14.714 +01:00 [INF]  Executed DbCommand (59ms) [Parameters=[], CommandType='"Text"', CommandTimeout='60']
CREATE INDEX [IX_Bookings_Status] ON [Bookings] ([Status]);
2026-05-16 15:04:14.777 +01:00 [INF]  Executed DbCommand (63ms) [Parameters=[], CommandType='"Text"', CommandTimeout='60']
CREATE UNIQUE INDEX [IX_Categories_Name] ON [Categories] ([Name]);
2026-05-16 15:04:14.846 +01:00 [INF]  Executed DbCommand (68ms) [Parameters=[], CommandType='"Text"', CommandTimeout='60']
CREATE INDEX [IX_ChatMessages_ChatRoomId] ON [ChatMessages] ([ChatRoomId]);
2026-05-16 15:04:14.906 +01:00 [INF]  Executed DbCommand (60ms) [Parameters=[], CommandType='"Text"', CommandTimeout='60']
CREATE UNIQUE INDEX [IX_ChatRooms_BookingId] ON [ChatRooms] ([BookingId]);
2026-05-16 15:04:14.966 +01:00 [INF]  Executed DbCommand (60ms) [Parameters=[], CommandType='"Text"', CommandTimeout='60']
CREATE INDEX [IX_Notifications_UserId] ON [Notifications] ([UserId]);
2026-05-16 15:04:15.025 +01:00 [INF]  Executed DbCommand (59ms) [Parameters=[], CommandType='"Text"', CommandTimeout='60']
CREATE INDEX [IX_Notifications_UserId_IsRead] ON [Notifications] ([UserId], [IsRead]);
2026-05-16 15:04:15.084 +01:00 [INF]  Executed DbCommand (59ms) [Parameters=[], CommandType='"Text"', CommandTimeout='60']
CREATE UNIQUE INDEX [IX_Portfolios_ProviderId] ON [Portfolios] ([ProviderId]);
2026-05-16 15:04:15.143 +01:00 [INF]  Executed DbCommand (58ms) [Parameters=[], CommandType='"Text"', CommandTimeout='60']
CREATE INDEX [IX_ProjectImages_ProjectId] ON [ProjectImages] ([ProjectId]);
2026-05-16 15:04:15.201 +01:00 [INF]  Executed DbCommand (57ms) [Parameters=[], CommandType='"Text"', CommandTimeout='60']
CREATE INDEX [IX_Projects_PortfolioId] ON [Projects] ([PortfolioId]);
2026-05-16 15:04:15.259 +01:00 [INF]  Executed DbCommand (57ms) [Parameters=[], CommandType='"Text"', CommandTimeout='60']
CREATE UNIQUE INDEX [IX_RefreshTokens_Token] ON [RefreshTokens] ([Token]);
2026-05-16 15:04:15.318 +01:00 [INF]  Executed DbCommand (59ms) [Parameters=[], CommandType='"Text"', CommandTimeout='60']
CREATE INDEX [IX_RefreshTokens_UserId] ON [RefreshTokens] ([UserId]);
2026-05-16 15:04:15.378 +01:00 [INF]  Executed DbCommand (60ms) [Parameters=[], CommandType='"Text"', CommandTimeout='60']
CREATE UNIQUE INDEX [IX_Reports_BookingId] ON [Reports] ([BookingId]);
2026-05-16 15:04:15.437 +01:00 [INF]  Executed DbCommand (60ms) [Parameters=[], CommandType='"Text"', CommandTimeout='60']
CREATE UNIQUE INDEX [IX_Reviews_BookingId] ON [Reviews] ([BookingId]);
2026-05-16 15:04:15.495 +01:00 [INF]  Executed DbCommand (57ms) [Parameters=[], CommandType='"Text"', CommandTimeout='60']
CREATE INDEX [IX_Services_CategoryId] ON [Services] ([CategoryId]);
2026-05-16 15:04:15.554 +01:00 [INF]  Executed DbCommand (59ms) [Parameters=[], CommandType='"Text"', CommandTimeout='60']
CREATE INDEX [IX_Services_ProviderId] ON [Services] ([ProviderId]);
2026-05-16 15:04:15.614 +01:00 [INF]  Executed DbCommand (59ms) [Parameters=[], CommandType='"Text"', CommandTimeout='60']
CREATE INDEX [IX_Services_ProviderId_IsActive] ON [Services] ([ProviderId], [IsActive]);
2026-05-16 15:04:15.672 +01:00 [INF]  Executed DbCommand (58ms) [Parameters=[], CommandType='"Text"', CommandTimeout='60']
CREATE UNIQUE INDEX [IX_UserCredentials_UserId] ON [UserCredentials] ([UserId]);
2026-05-16 15:04:15.732 +01:00 [INF]  Executed DbCommand (60ms) [Parameters=[], CommandType='"Text"', CommandTimeout='60']
CREATE UNIQUE INDEX [IX_Users_Email] ON [Users] ([Email]);
2026-05-16 15:04:15.792 +01:00 [INF]  Executed DbCommand (60ms) [Parameters=[], CommandType='"Text"', CommandTimeout='60']
INSERT INTO [__EFMigrationsHistory] ([MigrationId], [ProductVersion])
VALUES (N'20260430011252_InitialCreate', N'8.0.24');
2026-05-16 15:04:15.864 +01:00 [INF]  Database migrations applied successfully.
2026-05-16 15:04:16.034 +01:00 [INF]  Executed DbCommand (60ms) [Parameters=[], CommandType='"Text"', CommandTimeout='60']
SELECT CASE
    WHEN EXISTS (
        SELECT 1
        FROM [Users] AS [u]) THEN CAST(1 AS bit)
    ELSE CAST(0 AS bit)
END
2026-05-16 15:04:16.935 +01:00 [INF]  Executed DbCommand (77ms) [Parameters=[@p0='?' (DbType = Guid), @p1='?' (Size = 500), @p2='?' (DbType = DateTime2), @p3='?' (DbType = DateTime2), @p4='?' (DbType = DateTime2), @p5='?' (Size = 255), @p6='?' (Size = 50), @p7='?' (DbType = Boolean), @p8='?' (DbType = Boolean), @p9='?' (DbType = Boolean), @p10='?' (DbType = Boolean), @p11='?' (Size = 50), @p12='?' (Size = 20), @p13='?' (Size = 20), @p14='?' (Size = 500), @p15='?' (DbType = DateTime2), @p16='?' (DbType = DateTime2), @p17='?' (DbType = Guid), @p18='?' (Size = 500), @p19='?' (DbType = DateTime2), @p20='?' (DbType = DateTime2), @p21='?' (DbType = DateTime2), @p22='?' (Size = 255), @p23='?' (Size = 50), @p24='?' (DbType = Boolean), @p25='?' (DbType = Boolean), @p26='?' (DbType = Boolean), @p27='?' (DbType = Boolean), @p28='?' (Size = 50), @p29='?' (Size = 20), @p30='?' (Size = 20), @p31='?' (Size = 500), @p32='?' (DbType = DateTime2), @p33='?' (DbType = DateTime2), @p34='?' (Size = 1000), @p35='?' (DbType = Guid), @p36='?' (Size = 500), @p37='?' (DbType = DateTime2), @p38='?' (DbType = DateTime2), @p39='?' (DbType = DateTime2), @p40='?' (Size = 255), @p41='?' (Size = 50), @p42='?' (DbType = Boolean), @p43='?' (DbType = Boolean), @p44='?' (DbType = Boolean), @p45='?' (DbType = Boolean), @p46='?' (Size = 50), @p47='?' (Size = 20), @p48='?' (Size = 20), @p49='?' (Size = 500), @p50='?' (DbType = DateTime2), @p51='?' (DbType = DateTime2), @p52='?' (DbType = Guid), @p53='?' (DbType = DateTime2), @p54='?' (Size = 500), @p55='?' (DbType = DateTime2), @p56='?' (DbType = Guid), @p57='?' (DbType = Guid), @p58='?' (DbType = DateTime2), @p59='?' (Size = 500), @p60='?' (DbType = DateTime2), @p61='?' (DbType = Guid), @p62='?' (DbType = Guid), @p63='?' (DbType = DateTime2), @p64='?' (Size = 500), @p65='?' (DbType = DateTime2), @p66='?' (DbType = Guid)], CommandType='"Text"', CommandTimeout='60']
SET NOCOUNT ON;
INSERT INTO [Users] ([Id], [BlockReason], [BlockedAt], [CreatedAt], [DeletedAt], [Email], [FirstName], [IsBlocked], [IsDeleted], [IsEmailVerified], [IsSuspended], [LastName], [PhoneNumber], [Role], [SuspendReason], [SuspendedAt], [UpdatedAt])
VALUES (@p0, @p1, @p2, @p3, @p4, @p5, @p6, @p7, @p8, @p9, @p10, @p11, @p12, @p13, @p14, @p15, @p16);
INSERT INTO [Users] ([Id], [BlockReason], [BlockedAt], [CreatedAt], [DeletedAt], [Email], [FirstName], [IsBlocked], [IsDeleted], [IsEmailVerified], [IsSuspended], [LastName], [PhoneNumber], [Role], [SuspendReason], [SuspendedAt], [UpdatedAt], [ProfilePictureUrl])
OUTPUT INSERTED.[ProfilePictureIsMain]
VALUES (@p17, @p18, @p19, @p20, @p21, @p22, @p23, @p24, @p25, @p26, @p27, @p28, @p29, @p30, @p31, @p32, @p33, @p34);
INSERT INTO [Users] ([Id], [BlockReason], [BlockedAt], [CreatedAt], [DeletedAt], [Email], [FirstName], [IsBlocked], [IsDeleted], [IsEmailVerified], [IsSuspended], [LastName], [PhoneNumber], [Role], [SuspendReason], [SuspendedAt], [UpdatedAt])
VALUES (@p35, @p36, @p37, @p38, @p39, @p40, @p41, @p42, @p43, @p44, @p45, @p46, @p47, @p48, @p49, @p50, @p51);
INSERT INTO [UserCredentials] ([Id], [CreatedAt], [PasswordHash], [UpdatedAt], [UserId])
VALUES (@p52, @p53, @p54, @p55, @p56),
(@p57, @p58, @p59, @p60, @p61),
(@p62, @p63, @p64, @p65, @p66);
2026-05-16 15:04:17.007 +01:00 [INF]  Test data seeded successfully.
2026-05-16 15:04:17.030 +01:00 [INF]  Connecting to Redis endpoints: localhost:6379. Using Server Name: amines-MacBook-Air_0ca807ba6d2f4e7e8efa5e2ae95ec0f2
2026-05-16 15:04:17.063 +01:00 [INF]  User profile is available. Using '/Users/amine/.aspnet/DataProtection-Keys' as key repository; keys will not be encrypted at rest.
2026-05-16 15:04:17.065 +01:00 [INF]  Connected to Redis.
2026-05-16 15:04:17.202 +01:00 [INF]  Executed DbCommand (73ms) [Parameters=[], CommandType='"Text"', CommandTimeout='60']
SELECT [b].[Id], [b].[ClientId], [b].[CompletedAt], [b].[CreatedAt], [b].[ProviderId], [b].[RequestedAt], [b].[ScheduledAt], [b].[ScheduledDate], [b].[ServiceId], [b].[Status], [b].[UpdatedAt], [c].[Id], [c].[BookingId], [c].[CreatedAt], [r].[Id], [r0].[Id], [c0].[Id], [c0].[ChatRoomId], [c0].[Content], [c0].[IsRead], [c0].[SenderId], [c0].[SentAt], [r].[BookingId], [r].[CreatedAt], [r].[Reason], [r].[ReporterId], [r].[Status], [r0].[BookingId], [r0].[ClientId], [r0].[Comment], [r0].[CreatedAt], [r0].[Rating], [r0].[ServiceId]
FROM [Bookings] AS [b]
LEFT JOIN [ChatRooms] AS [c] ON [b].[Id] = [c].[BookingId]
LEFT JOIN [Reports] AS [r] ON [b].[Id] = [r].[BookingId]
LEFT JOIN [Reviews] AS [r0] ON [b].[Id] = [r0].[BookingId]
LEFT JOIN [ChatMessages] AS [c0] ON [c].[Id] = [c0].[ChatRoomId]
WHERE [b].[Status] = N'Pending'
ORDER BY [b].[Id], [c].[Id], [r].[Id], [r0].[Id]
2026-05-16 15:04:17.237 +01:00 [INF]  Now listening on: http://localhost:5293
2026-05-16 15:04:17.237 +01:00 [INF]  Application started. Press Ctrl+C to shut down.
2026-05-16 15:04:17.237 +01:00 [INF]  Hosting environment: Development
2026-05-16 15:04:17.237 +01:00 [INF]  Content root path: /Users/amine/Desktop/SP/src/SP.API
2026-05-16 15:04:17.648 +01:00 [INF]  Executed DbCommand (62ms) [Parameters=[@p0='?' (DbType = DateTime2)], CommandType='"Text"', CommandTimeout='60']
DELETE FROM RefreshTokens WHERE ExpiresAt < @p0 AND RevokedAt IS NOT NULL
2026-05-16 15:08:57.191 +01:00 [ERR]  Connection to Redis failed.
StackExchange.Redis.RedisConnectionException: SocketClosed (ReadEndOfStream, last-recv: 0) on localhost:6379/Subscription, Idle/MarkProcessed, last: SUBSCRIBE, origin: ReadFromPipe, outstanding: 0, last-read: 0s ago, last-write: 38s ago, keep-alive: 60s, state: ConnectedEstablished, mgr: 2 of 10 available, in: 0, in-pipe: 0, out-pipe: 0, last-heartbeat: 0s ago, last-mbeat: 0s ago, global: 0s ago, v: 2.12.8.35577
2026-05-16 15:09:00.067 +01:00 [INF]  Connection to Redis restored.
2026-05-16 15:19:17.756 +01:00 [INF]  Executed DbCommand (60ms) [Parameters=[], CommandType='"Text"', CommandTimeout='60']
SELECT [b].[Id], [b].[ClientId], [b].[CompletedAt], [b].[CreatedAt], [b].[ProviderId], [b].[RequestedAt], [b].[ScheduledAt], [b].[ScheduledDate], [b].[ServiceId], [b].[Status], [b].[UpdatedAt], [c].[Id], [c].[BookingId], [c].[CreatedAt], [r].[Id], [r0].[Id], [c0].[Id], [c0].[ChatRoomId], [c0].[Content], [c0].[IsRead], [c0].[SenderId], [c0].[SentAt], [r].[BookingId], [r].[CreatedAt], [r].[Reason], [r].[ReporterId], [r].[Status], [r0].[BookingId], [r0].[ClientId], [r0].[Comment], [r0].[CreatedAt], [r0].[Rating], [r0].[ServiceId]
FROM [Bookings] AS [b]
LEFT JOIN [ChatRooms] AS [c] ON [b].[Id] = [c].[BookingId]
LEFT JOIN [Reports] AS [r] ON [b].[Id] = [r].[BookingId]
LEFT JOIN [Reviews] AS [r0] ON [b].[Id] = [r0].[BookingId]
LEFT JOIN [ChatMessages] AS [c0] ON [c].[Id] = [c0].[ChatRoomId]
WHERE [b].[Status] = N'Pending'
ORDER BY [b].[Id], [c].[Id], [r].[Id], [r0].[Id]
2026-05-16 15:34:18.596 +01:00 [INF]  Executed DbCommand (63ms) [Parameters=[], CommandType='"Text"', CommandTimeout='60']
SELECT [b].[Id], [b].[ClientId], [b].[CompletedAt], [b].[CreatedAt], [b].[ProviderId], [b].[RequestedAt], [b].[ScheduledAt], [b].[ScheduledDate], [b].[ServiceId], [b].[Status], [b].[UpdatedAt], [c].[Id], [c].[BookingId], [c].[CreatedAt], [r].[Id], [r0].[Id], [c0].[Id], [c0].[ChatRoomId], [c0].[Content], [c0].[IsRead], [c0].[SenderId], [c0].[SentAt], [r].[BookingId], [r].[CreatedAt], [r].[Reason], [r].[ReporterId], [r].[Status], [r0].[BookingId], [r0].[ClientId], [r0].[Comment], [r0].[CreatedAt], [r0].[Rating], [r0].[ServiceId]
FROM [Bookings] AS [b]
LEFT JOIN [ChatRooms] AS [c] ON [b].[Id] = [c].[BookingId]
LEFT JOIN [Reports] AS [r] ON [b].[Id] = [r].[BookingId]
LEFT JOIN [Reviews] AS [r0] ON [b].[Id] = [r0].[BookingId]
LEFT JOIN [ChatMessages] AS [c0] ON [c].[Id] = [c0].[ChatRoomId]
WHERE [b].[Status] = N'Pending'
ORDER BY [b].[Id], [c].[Id], [r].[Id], [r0].[Id]
2026-05-16 15:49:19.290 +01:00 [INF]  Executed DbCommand (61ms) [Parameters=[], CommandType='"Text"', CommandTimeout='60']
SELECT [b].[Id], [b].[ClientId], [b].[CompletedAt], [b].[CreatedAt], [b].[ProviderId], [b].[RequestedAt], [b].[ScheduledAt], [b].[ScheduledDate], [b].[ServiceId], [b].[Status], [b].[UpdatedAt], [c].[Id], [c].[BookingId], [c].[CreatedAt], [r].[Id], [r0].[Id], [c0].[Id], [c0].[ChatRoomId], [c0].[Content], [c0].[IsRead], [c0].[SenderId], [c0].[SentAt], [r].[BookingId], [r].[CreatedAt], [r].[Reason], [r].[ReporterId], [r].[Status], [r0].[BookingId], [r0].[ClientId], [r0].[Comment], [r0].[CreatedAt], [r0].[Rating], [r0].[ServiceId]
FROM [Bookings] AS [b]
LEFT JOIN [ChatRooms] AS [c] ON [b].[Id] = [c].[BookingId]
LEFT JOIN [Reports] AS [r] ON [b].[Id] = [r].[BookingId]
LEFT JOIN [Reviews] AS [r0] ON [b].[Id] = [r0].[BookingId]
LEFT JOIN [ChatMessages] AS [c0] ON [c].[Id] = [c0].[ChatRoomId]
WHERE [b].[Status] = N'Pending'
ORDER BY [b].[Id], [c].[Id], [r].[Id], [r0].[Id]
2026-05-16 16:04:20.031 +01:00 [INF]  Executed DbCommand (62ms) [Parameters=[], CommandType='"Text"', CommandTimeout='60']
SELECT [b].[Id], [b].[ClientId], [b].[CompletedAt], [b].[CreatedAt], [b].[ProviderId], [b].[RequestedAt], [b].[ScheduledAt], [b].[ScheduledDate], [b].[ServiceId], [b].[Status], [b].[UpdatedAt], [c].[Id], [c].[BookingId], [c].[CreatedAt], [r].[Id], [r0].[Id], [c0].[Id], [c0].[ChatRoomId], [c0].[Content], [c0].[IsRead], [c0].[SenderId], [c0].[SentAt], [r].[BookingId], [r].[CreatedAt], [r].[Reason], [r].[ReporterId], [r].[Status], [r0].[BookingId], [r0].[ClientId], [r0].[Comment], [r0].[CreatedAt], [r0].[Rating], [r0].[ServiceId]
FROM [Bookings] AS [b]
LEFT JOIN [ChatRooms] AS [c] ON [b].[Id] = [c].[BookingId]
LEFT JOIN [Reports] AS [r] ON [b].[Id] = [r].[BookingId]
LEFT JOIN [Reviews] AS [r0] ON [b].[Id] = [r0].[BookingId]
LEFT JOIN [ChatMessages] AS [c0] ON [c].[Id] = [c0].[ChatRoomId]
WHERE [b].[Status] = N'Pending'
ORDER BY [b].[Id], [c].[Id], [r].[Id], [r0].[Id]
2026-05-16 16:19:20.650 +01:00 [INF]  Executed DbCommand (61ms) [Parameters=[], CommandType='"Text"', CommandTimeout='60']
SELECT [b].[Id], [b].[ClientId], [b].[CompletedAt], [b].[CreatedAt], [b].[ProviderId], [b].[RequestedAt], [b].[ScheduledAt], [b].[ScheduledDate], [b].[ServiceId], [b].[Status], [b].[UpdatedAt], [c].[Id], [c].[BookingId], [c].[CreatedAt], [r].[Id], [r0].[Id], [c0].[Id], [c0].[ChatRoomId], [c0].[Content], [c0].[IsRead], [c0].[SenderId], [c0].[SentAt], [r].[BookingId], [r].[CreatedAt], [r].[Reason], [r].[ReporterId], [r].[Status], [r0].[BookingId], [r0].[ClientId], [r0].[Comment], [r0].[CreatedAt], [r0].[Rating], [r0].[ServiceId]
FROM [Bookings] AS [b]
LEFT JOIN [ChatRooms] AS [c] ON [b].[Id] = [c].[BookingId]
LEFT JOIN [Reports] AS [r] ON [b].[Id] = [r].[BookingId]
LEFT JOIN [Reviews] AS [r0] ON [b].[Id] = [r0].[BookingId]
LEFT JOIN [ChatMessages] AS [c0] ON [c].[Id] = [c0].[ChatRoomId]
WHERE [b].[Status] = N'Pending'
ORDER BY [b].[Id], [c].[Id], [r].[Id], [r0].[Id]
2026-05-16 19:34:26.776 +01:00 [INF]  Executed DbCommand (312ms) [Parameters=[], CommandType='"Text"', CommandTimeout='60']
SELECT [b].[Id], [b].[ClientId], [b].[CompletedAt], [b].[CreatedAt], [b].[ProviderId], [b].[RequestedAt], [b].[ScheduledAt], [b].[ScheduledDate], [b].[ServiceId], [b].[Status], [b].[UpdatedAt], [c].[Id], [c].[BookingId], [c].[CreatedAt], [r].[Id], [r0].[Id], [c0].[Id], [c0].[ChatRoomId], [c0].[Content], [c0].[IsRead], [c0].[SenderId], [c0].[SentAt], [r].[BookingId], [r].[CreatedAt], [r].[Reason], [r].[ReporterId], [r].[Status], [r0].[BookingId], [r0].[ClientId], [r0].[Comment], [r0].[CreatedAt], [r0].[Rating], [r0].[ServiceId]
FROM [Bookings] AS [b]
LEFT JOIN [ChatRooms] AS [c] ON [b].[Id] = [c].[BookingId]
LEFT JOIN [Reports] AS [r] ON [b].[Id] = [r].[BookingId]
LEFT JOIN [Reviews] AS [r0] ON [b].[Id] = [r0].[BookingId]
LEFT JOIN [ChatMessages] AS [c0] ON [c].[Id] = [c0].[ChatRoomId]
WHERE [b].[Status] = N'Pending'
ORDER BY [b].[Id], [c].[Id], [r].[Id], [r0].[Id]
2026-05-16 20:51:25.580 +01:00 [INF]  Executed DbCommand (523ms) [Parameters=[], CommandType='"Text"', CommandTimeout='60']
SELECT [b].[Id], [b].[ClientId], [b].[CompletedAt], [b].[CreatedAt], [b].[ProviderId], [b].[RequestedAt], [b].[ScheduledAt], [b].[ScheduledDate], [b].[ServiceId], [b].[Status], [b].[UpdatedAt], [c].[Id], [c].[BookingId], [c].[CreatedAt], [r].[Id], [r0].[Id], [c0].[Id], [c0].[ChatRoomId], [c0].[Content], [c0].[IsRead], [c0].[SenderId], [c0].[SentAt], [r].[BookingId], [r].[CreatedAt], [r].[Reason], [r].[ReporterId], [r].[Status], [r0].[BookingId], [r0].[ClientId], [r0].[Comment], [r0].[CreatedAt], [r0].[Rating], [r0].[ServiceId]
FROM [Bookings] AS [b]
LEFT JOIN [ChatRooms] AS [c] ON [b].[Id] = [c].[BookingId]
LEFT JOIN [Reports] AS [r] ON [b].[Id] = [r].[BookingId]
LEFT JOIN [Reviews] AS [r0] ON [b].[Id] = [r0].[BookingId]
LEFT JOIN [ChatMessages] AS [c0] ON [c].[Id] = [c0].[ChatRoomId]
WHERE [b].[Status] = N'Pending'
ORDER BY [b].[Id], [c].[Id], [r].[Id], [r0].[Id]
2026-05-16 22:12:18.718 +01:00 [INF]  Executed DbCommand (88ms) [Parameters=[], CommandType='"Text"', CommandTimeout='60']
SELECT [b].[Id], [b].[ClientId], [b].[CompletedAt], [b].[CreatedAt], [b].[ProviderId], [b].[RequestedAt], [b].[ScheduledAt], [b].[ScheduledDate], [b].[ServiceId], [b].[Status], [b].[UpdatedAt], [c].[Id], [c].[BookingId], [c].[CreatedAt], [r].[Id], [r0].[Id], [c0].[Id], [c0].[ChatRoomId], [c0].[Content], [c0].[IsRead], [c0].[SenderId], [c0].[SentAt], [r].[BookingId], [r].[CreatedAt], [r].[Reason], [r].[ReporterId], [r].[Status], [r0].[BookingId], [r0].[ClientId], [r0].[Comment], [r0].[CreatedAt], [r0].[Rating], [r0].[ServiceId]
FROM [Bookings] AS [b]
LEFT JOIN [ChatRooms] AS [c] ON [b].[Id] = [c].[BookingId]
LEFT JOIN [Reports] AS [r] ON [b].[Id] = [r].[BookingId]
LEFT JOIN [Reviews] AS [r0] ON [b].[Id] = [r0].[BookingId]
LEFT JOIN [ChatMessages] AS [c0] ON [c].[Id] = [c0].[ChatRoomId]
WHERE [b].[Status] = N'Pending'
ORDER BY [b].[Id], [c].[Id], [r].[Id], [r0].[Id]
