2026-05-18 00:03:59.463 +01:00 [INF]  Executed DbCommand (71ms) [Parameters=[], CommandType='"Text"', CommandTimeout='60']
SELECT [b].[Id], [b].[ClientId], [b].[CompletedAt], [b].[CreatedAt], [b].[ProviderId], [b].[RequestedAt], [b].[ScheduledAt], [b].[ScheduledDate], [b].[ServiceId], [b].[Status], [b].[UpdatedAt], [c].[Id], [c].[BookingId], [c].[CreatedAt], [r].[Id], [r0].[Id], [c0].[Id], [c0].[ChatRoomId], [c0].[Content], [c0].[IsRead], [c0].[SenderId], [c0].[SentAt], [r].[BookingId], [r].[CreatedAt], [r].[Reason], [r].[ReporterId], [r].[Status], [r0].[BookingId], [r0].[ClientId], [r0].[Comment], [r0].[CreatedAt], [r0].[Rating], [r0].[ServiceId]
FROM [Bookings] AS [b]
LEFT JOIN [ChatRooms] AS [c] ON [b].[Id] = [c].[BookingId]
LEFT JOIN [Reports] AS [r] ON [b].[Id] = [r].[BookingId]
LEFT JOIN [Reviews] AS [r0] ON [b].[Id] = [r0].[BookingId]
LEFT JOIN [ChatMessages] AS [c0] ON [c].[Id] = [c0].[ChatRoomId]
WHERE [b].[Status] = N'Pending'
ORDER BY [b].[Id], [c].[Id], [r].[Id], [r0].[Id]
2026-05-18 00:19:00.331 +01:00 [INF]  Executed DbCommand (63ms) [Parameters=[], CommandType='"Text"', CommandTimeout='60']
SELECT [b].[Id], [b].[ClientId], [b].[CompletedAt], [b].[CreatedAt], [b].[ProviderId], [b].[RequestedAt], [b].[ScheduledAt], [b].[ScheduledDate], [b].[ServiceId], [b].[Status], [b].[UpdatedAt], [c].[Id], [c].[BookingId], [c].[CreatedAt], [r].[Id], [r0].[Id], [c0].[Id], [c0].[ChatRoomId], [c0].[Content], [c0].[IsRead], [c0].[SenderId], [c0].[SentAt], [r].[BookingId], [r].[CreatedAt], [r].[Reason], [r].[ReporterId], [r].[Status], [r0].[BookingId], [r0].[ClientId], [r0].[Comment], [r0].[CreatedAt], [r0].[Rating], [r0].[ServiceId]
FROM [Bookings] AS [b]
LEFT JOIN [ChatRooms] AS [c] ON [b].[Id] = [c].[BookingId]
LEFT JOIN [Reports] AS [r] ON [b].[Id] = [r].[BookingId]
LEFT JOIN [Reviews] AS [r0] ON [b].[Id] = [r0].[BookingId]
LEFT JOIN [ChatMessages] AS [c0] ON [c].[Id] = [c0].[ChatRoomId]
WHERE [b].[Status] = N'Pending'
ORDER BY [b].[Id], [c].[Id], [r].[Id], [r0].[Id]
2026-05-18 00:34:01.519 +01:00 [INF]  Executed DbCommand (78ms) [Parameters=[], CommandType='"Text"', CommandTimeout='60']
SELECT [b].[Id], [b].[ClientId], [b].[CompletedAt], [b].[CreatedAt], [b].[ProviderId], [b].[RequestedAt], [b].[ScheduledAt], [b].[ScheduledDate], [b].[ServiceId], [b].[Status], [b].[UpdatedAt], [c].[Id], [c].[BookingId], [c].[CreatedAt], [r].[Id], [r0].[Id], [c0].[Id], [c0].[ChatRoomId], [c0].[Content], [c0].[IsRead], [c0].[SenderId], [c0].[SentAt], [r].[BookingId], [r].[CreatedAt], [r].[Reason], [r].[ReporterId], [r].[Status], [r0].[BookingId], [r0].[ClientId], [r0].[Comment], [r0].[CreatedAt], [r0].[Rating], [r0].[ServiceId]
FROM [Bookings] AS [b]
LEFT JOIN [ChatRooms] AS [c] ON [b].[Id] = [c].[BookingId]
LEFT JOIN [Reports] AS [r] ON [b].[Id] = [r].[BookingId]
LEFT JOIN [Reviews] AS [r0] ON [b].[Id] = [r0].[BookingId]
LEFT JOIN [ChatMessages] AS [c0] ON [c].[Id] = [c0].[ChatRoomId]
WHERE [b].[Status] = N'Pending'
ORDER BY [b].[Id], [c].[Id], [r].[Id], [r0].[Id]
2026-05-18 00:49:02.458 +01:00 [INF]  Executed DbCommand (66ms) [Parameters=[], CommandType='"Text"', CommandTimeout='60']
SELECT [b].[Id], [b].[ClientId], [b].[CompletedAt], [b].[CreatedAt], [b].[ProviderId], [b].[RequestedAt], [b].[ScheduledAt], [b].[ScheduledDate], [b].[ServiceId], [b].[Status], [b].[UpdatedAt], [c].[Id], [c].[BookingId], [c].[CreatedAt], [r].[Id], [r0].[Id], [c0].[Id], [c0].[ChatRoomId], [c0].[Content], [c0].[IsRead], [c0].[SenderId], [c0].[SentAt], [r].[BookingId], [r].[CreatedAt], [r].[Reason], [r].[ReporterId], [r].[Status], [r0].[BookingId], [r0].[ClientId], [r0].[Comment], [r0].[CreatedAt], [r0].[Rating], [r0].[ServiceId]
FROM [Bookings] AS [b]
LEFT JOIN [ChatRooms] AS [c] ON [b].[Id] = [c].[BookingId]
LEFT JOIN [Reports] AS [r] ON [b].[Id] = [r].[BookingId]
LEFT JOIN [Reviews] AS [r0] ON [b].[Id] = [r0].[BookingId]
LEFT JOIN [ChatMessages] AS [c0] ON [c].[Id] = [c0].[ChatRoomId]
WHERE [b].[Status] = N'Pending'
ORDER BY [b].[Id], [c].[Id], [r].[Id], [r0].[Id]
2026-05-18 01:03:44.455 +01:00 [INF]  Executed DbCommand (76ms) [Parameters=[@p0='?' (DbType = DateTime2)], CommandType='"Text"', CommandTimeout='60']
DELETE FROM RefreshTokens WHERE ExpiresAt < @p0 AND RevokedAt IS NOT NULL
2026-05-18 01:04:02.578 +01:00 [INF]  Executed DbCommand (61ms) [Parameters=[], CommandType='"Text"', CommandTimeout='60']
SELECT [b].[Id], [b].[ClientId], [b].[CompletedAt], [b].[CreatedAt], [b].[ProviderId], [b].[RequestedAt], [b].[ScheduledAt], [b].[ScheduledDate], [b].[ServiceId], [b].[Status], [b].[UpdatedAt], [c].[Id], [c].[BookingId], [c].[CreatedAt], [r].[Id], [r0].[Id], [c0].[Id], [c0].[ChatRoomId], [c0].[Content], [c0].[IsRead], [c0].[SenderId], [c0].[SentAt], [r].[BookingId], [r].[CreatedAt], [r].[Reason], [r].[ReporterId], [r].[Status], [r0].[BookingId], [r0].[ClientId], [r0].[Comment], [r0].[CreatedAt], [r0].[Rating], [r0].[ServiceId]
FROM [Bookings] AS [b]
LEFT JOIN [ChatRooms] AS [c] ON [b].[Id] = [c].[BookingId]
LEFT JOIN [Reports] AS [r] ON [b].[Id] = [r].[BookingId]
LEFT JOIN [Reviews] AS [r0] ON [b].[Id] = [r0].[BookingId]
LEFT JOIN [ChatMessages] AS [c0] ON [c].[Id] = [c0].[ChatRoomId]
WHERE [b].[Status] = N'Pending'
ORDER BY [b].[Id], [c].[Id], [r].[Id], [r0].[Id]
2026-05-18 01:19:03.492 +01:00 [INF]  Executed DbCommand (65ms) [Parameters=[], CommandType='"Text"', CommandTimeout='60']
SELECT [b].[Id], [b].[ClientId], [b].[CompletedAt], [b].[CreatedAt], [b].[ProviderId], [b].[RequestedAt], [b].[ScheduledAt], [b].[ScheduledDate], [b].[ServiceId], [b].[Status], [b].[UpdatedAt], [c].[Id], [c].[BookingId], [c].[CreatedAt], [r].[Id], [r0].[Id], [c0].[Id], [c0].[ChatRoomId], [c0].[Content], [c0].[IsRead], [c0].[SenderId], [c0].[SentAt], [r].[BookingId], [r].[CreatedAt], [r].[Reason], [r].[ReporterId], [r].[Status], [r0].[BookingId], [r0].[ClientId], [r0].[Comment], [r0].[CreatedAt], [r0].[Rating], [r0].[ServiceId]
FROM [Bookings] AS [b]
LEFT JOIN [ChatRooms] AS [c] ON [b].[Id] = [c].[BookingId]
LEFT JOIN [Reports] AS [r] ON [b].[Id] = [r].[BookingId]
LEFT JOIN [Reviews] AS [r0] ON [b].[Id] = [r0].[BookingId]
LEFT JOIN [ChatMessages] AS [c0] ON [c].[Id] = [c0].[ChatRoomId]
WHERE [b].[Status] = N'Pending'
ORDER BY [b].[Id], [c].[Id], [r].[Id], [r0].[Id]
2026-05-18 01:34:04.315 +01:00 [INF]  Executed DbCommand (63ms) [Parameters=[], CommandType='"Text"', CommandTimeout='60']
SELECT [b].[Id], [b].[ClientId], [b].[CompletedAt], [b].[CreatedAt], [b].[ProviderId], [b].[RequestedAt], [b].[ScheduledAt], [b].[ScheduledDate], [b].[ServiceId], [b].[Status], [b].[UpdatedAt], [c].[Id], [c].[BookingId], [c].[CreatedAt], [r].[Id], [r0].[Id], [c0].[Id], [c0].[ChatRoomId], [c0].[Content], [c0].[IsRead], [c0].[SenderId], [c0].[SentAt], [r].[BookingId], [r].[CreatedAt], [r].[Reason], [r].[ReporterId], [r].[Status], [r0].[BookingId], [r0].[ClientId], [r0].[Comment], [r0].[CreatedAt], [r0].[Rating], [r0].[ServiceId]
FROM [Bookings] AS [b]
LEFT JOIN [ChatRooms] AS [c] ON [b].[Id] = [c].[BookingId]
LEFT JOIN [Reports] AS [r] ON [b].[Id] = [r].[BookingId]
LEFT JOIN [Reviews] AS [r0] ON [b].[Id] = [r0].[BookingId]
LEFT JOIN [ChatMessages] AS [c0] ON [c].[Id] = [c0].[ChatRoomId]
WHERE [b].[Status] = N'Pending'
ORDER BY [b].[Id], [c].[Id], [r].[Id], [r0].[Id]
2026-05-18 01:49:05.112 +01:00 [INF]  Executed DbCommand (59ms) [Parameters=[], CommandType='"Text"', CommandTimeout='60']
SELECT [b].[Id], [b].[ClientId], [b].[CompletedAt], [b].[CreatedAt], [b].[ProviderId], [b].[RequestedAt], [b].[ScheduledAt], [b].[ScheduledDate], [b].[ServiceId], [b].[Status], [b].[UpdatedAt], [c].[Id], [c].[BookingId], [c].[CreatedAt], [r].[Id], [r0].[Id], [c0].[Id], [c0].[ChatRoomId], [c0].[Content], [c0].[IsRead], [c0].[SenderId], [c0].[SentAt], [r].[BookingId], [r].[CreatedAt], [r].[Reason], [r].[ReporterId], [r].[Status], [r0].[BookingId], [r0].[ClientId], [r0].[Comment], [r0].[CreatedAt], [r0].[Rating], [r0].[ServiceId]
FROM [Bookings] AS [b]
LEFT JOIN [ChatRooms] AS [c] ON [b].[Id] = [c].[BookingId]
LEFT JOIN [Reports] AS [r] ON [b].[Id] = [r].[BookingId]
LEFT JOIN [Reviews] AS [r0] ON [b].[Id] = [r0].[BookingId]
LEFT JOIN [ChatMessages] AS [c0] ON [c].[Id] = [c0].[ChatRoomId]
WHERE [b].[Status] = N'Pending'
ORDER BY [b].[Id], [c].[Id], [r].[Id], [r0].[Id]
2026-05-18 01:51:20.261 +01:00 [ERR]  Connection to Redis failed.
StackExchange.Redis.RedisConnectionException: SocketClosed (ReadEndOfStream, last-recv: 0) on localhost:6379/Subscription, Idle/MarkProcessed, last: PING, origin: ReadFromPipe, outstanding: 0, last-read: 0s ago, last-write: 44s ago, keep-alive: 60s, state: ConnectedEstablished, mgr: 6 of 10 available, in: 0, in-pipe: 0, out-pipe: 0, last-heartbeat: 0s ago, last-mbeat: 0s ago, global: 0s ago, v: 2.12.8.35577
2026-05-18 01:51:29.735 +01:00 [INF]  Application is shutting down...
