2026-05-20 01:55:58.328 +01:00 [INF]  Executed DbCommand (381ms) [Parameters=[], CommandType='"Text"', CommandTimeout='60']
SELECT [b].[Id], [b].[ClientId], [b].[CompletedAt], [b].[CreatedAt], [b].[ProviderId], [b].[RequestedAt], [b].[ScheduledAt], [b].[ScheduledDate], [b].[ServiceId], [b].[Status], [b].[UpdatedAt], [c].[Id], [c].[BookingId], [c].[CreatedAt], [r].[Id], [r0].[Id], [c0].[Id], [c0].[ChatRoomId], [c0].[Content], [c0].[IsRead], [c0].[SenderId], [c0].[SentAt], [r].[BookingId], [r].[CreatedAt], [r].[Reason], [r].[ReporterId], [r].[Status], [r0].[BookingId], [r0].[ClientId], [r0].[Comment], [r0].[CreatedAt], [r0].[Rating], [r0].[ServiceId]
FROM [Bookings] AS [b]
LEFT JOIN [ChatRooms] AS [c] ON [b].[Id] = [c].[BookingId]
LEFT JOIN [Reports] AS [r] ON [b].[Id] = [r].[BookingId]
LEFT JOIN [Reviews] AS [r0] ON [b].[Id] = [r0].[BookingId]
LEFT JOIN [ChatMessages] AS [c0] ON [c].[Id] = [c0].[ChatRoomId]
WHERE [b].[Status] = N'Pending'
ORDER BY [b].[Id], [c].[Id], [r].[Id], [r0].[Id]
2026-05-20 02:10:59.740 +01:00 [INF]  Executed DbCommand (83ms) [Parameters=[], CommandType='"Text"', CommandTimeout='60']
SELECT [b].[Id], [b].[ClientId], [b].[CompletedAt], [b].[CreatedAt], [b].[ProviderId], [b].[RequestedAt], [b].[ScheduledAt], [b].[ScheduledDate], [b].[ServiceId], [b].[Status], [b].[UpdatedAt], [c].[Id], [c].[BookingId], [c].[CreatedAt], [r].[Id], [r0].[Id], [c0].[Id], [c0].[ChatRoomId], [c0].[Content], [c0].[IsRead], [c0].[SenderId], [c0].[SentAt], [r].[BookingId], [r].[CreatedAt], [r].[Reason], [r].[ReporterId], [r].[Status], [r0].[BookingId], [r0].[ClientId], [r0].[Comment], [r0].[CreatedAt], [r0].[Rating], [r0].[ServiceId]
FROM [Bookings] AS [b]
LEFT JOIN [ChatRooms] AS [c] ON [b].[Id] = [c].[BookingId]
LEFT JOIN [Reports] AS [r] ON [b].[Id] = [r].[BookingId]
LEFT JOIN [Reviews] AS [r0] ON [b].[Id] = [r0].[BookingId]
LEFT JOIN [ChatMessages] AS [c0] ON [c].[Id] = [c0].[ChatRoomId]
WHERE [b].[Status] = N'Pending'
ORDER BY [b].[Id], [c].[Id], [r].[Id], [r0].[Id]
2026-05-20 02:26:00.420 +01:00 [INF]  Executed DbCommand (67ms) [Parameters=[], CommandType='"Text"', CommandTimeout='60']
SELECT [b].[Id], [b].[ClientId], [b].[CompletedAt], [b].[CreatedAt], [b].[ProviderId], [b].[RequestedAt], [b].[ScheduledAt], [b].[ScheduledDate], [b].[ServiceId], [b].[Status], [b].[UpdatedAt], [c].[Id], [c].[BookingId], [c].[CreatedAt], [r].[Id], [r0].[Id], [c0].[Id], [c0].[ChatRoomId], [c0].[Content], [c0].[IsRead], [c0].[SenderId], [c0].[SentAt], [r].[BookingId], [r].[CreatedAt], [r].[Reason], [r].[ReporterId], [r].[Status], [r0].[BookingId], [r0].[ClientId], [r0].[Comment], [r0].[CreatedAt], [r0].[Rating], [r0].[ServiceId]
FROM [Bookings] AS [b]
LEFT JOIN [ChatRooms] AS [c] ON [b].[Id] = [c].[BookingId]
LEFT JOIN [Reports] AS [r] ON [b].[Id] = [r].[BookingId]
LEFT JOIN [Reviews] AS [r0] ON [b].[Id] = [r0].[BookingId]
LEFT JOIN [ChatMessages] AS [c0] ON [c].[Id] = [c0].[ChatRoomId]
WHERE [b].[Status] = N'Pending'
ORDER BY [b].[Id], [c].[Id], [r].[Id], [r0].[Id]
2026-05-20 02:41:01.203 +01:00 [INF]  Executed DbCommand (77ms) [Parameters=[], CommandType='"Text"', CommandTimeout='60']
SELECT [b].[Id], [b].[ClientId], [b].[CompletedAt], [b].[CreatedAt], [b].[ProviderId], [b].[RequestedAt], [b].[ScheduledAt], [b].[ScheduledDate], [b].[ServiceId], [b].[Status], [b].[UpdatedAt], [c].[Id], [c].[BookingId], [c].[CreatedAt], [r].[Id], [r0].[Id], [c0].[Id], [c0].[ChatRoomId], [c0].[Content], [c0].[IsRead], [c0].[SenderId], [c0].[SentAt], [r].[BookingId], [r].[CreatedAt], [r].[Reason], [r].[ReporterId], [r].[Status], [r0].[BookingId], [r0].[ClientId], [r0].[Comment], [r0].[CreatedAt], [r0].[Rating], [r0].[ServiceId]
FROM [Bookings] AS [b]
LEFT JOIN [ChatRooms] AS [c] ON [b].[Id] = [c].[BookingId]
LEFT JOIN [Reports] AS [r] ON [b].[Id] = [r].[BookingId]
LEFT JOIN [Reviews] AS [r0] ON [b].[Id] = [r0].[BookingId]
LEFT JOIN [ChatMessages] AS [c0] ON [c].[Id] = [c0].[ChatRoomId]
WHERE [b].[Status] = N'Pending'
ORDER BY [b].[Id], [c].[Id], [r].[Id], [r0].[Id]
2026-05-20 02:56:01.910 +01:00 [INF]  Executed DbCommand (67ms) [Parameters=[], CommandType='"Text"', CommandTimeout='60']
SELECT [b].[Id], [b].[ClientId], [b].[CompletedAt], [b].[CreatedAt], [b].[ProviderId], [b].[RequestedAt], [b].[ScheduledAt], [b].[ScheduledDate], [b].[ServiceId], [b].[Status], [b].[UpdatedAt], [c].[Id], [c].[BookingId], [c].[CreatedAt], [r].[Id], [r0].[Id], [c0].[Id], [c0].[ChatRoomId], [c0].[Content], [c0].[IsRead], [c0].[SenderId], [c0].[SentAt], [r].[BookingId], [r].[CreatedAt], [r].[Reason], [r].[ReporterId], [r].[Status], [r0].[BookingId], [r0].[ClientId], [r0].[Comment], [r0].[CreatedAt], [r0].[Rating], [r0].[ServiceId]
FROM [Bookings] AS [b]
LEFT JOIN [ChatRooms] AS [c] ON [b].[Id] = [c].[BookingId]
LEFT JOIN [Reports] AS [r] ON [b].[Id] = [r].[BookingId]
LEFT JOIN [Reviews] AS [r0] ON [b].[Id] = [r0].[BookingId]
LEFT JOIN [ChatMessages] AS [c0] ON [c].[Id] = [c0].[ChatRoomId]
WHERE [b].[Status] = N'Pending'
ORDER BY [b].[Id], [c].[Id], [r].[Id], [r0].[Id]
2026-05-20 03:11:40.546 +01:00 [INF]  Executed DbCommand (66ms) [Parameters=[], CommandType='"Text"', CommandTimeout='60']
SELECT [b].[Id], [b].[ClientId], [b].[CompletedAt], [b].[CreatedAt], [b].[ProviderId], [b].[RequestedAt], [b].[ScheduledAt], [b].[ScheduledDate], [b].[ServiceId], [b].[Status], [b].[UpdatedAt], [c].[Id], [c].[BookingId], [c].[CreatedAt], [r].[Id], [r0].[Id], [c0].[Id], [c0].[ChatRoomId], [c0].[Content], [c0].[IsRead], [c0].[SenderId], [c0].[SentAt], [r].[BookingId], [r].[CreatedAt], [r].[Reason], [r].[ReporterId], [r].[Status], [r0].[BookingId], [r0].[ClientId], [r0].[Comment], [r0].[CreatedAt], [r0].[Rating], [r0].[ServiceId]
FROM [Bookings] AS [b]
LEFT JOIN [ChatRooms] AS [c] ON [b].[Id] = [c].[BookingId]
LEFT JOIN [Reports] AS [r] ON [b].[Id] = [r].[BookingId]
LEFT JOIN [Reviews] AS [r0] ON [b].[Id] = [r0].[BookingId]
LEFT JOIN [ChatMessages] AS [c0] ON [c].[Id] = [c0].[ChatRoomId]
WHERE [b].[Status] = N'Pending'
ORDER BY [b].[Id], [c].[Id], [r].[Id], [r0].[Id]
2026-05-20 06:22:00.827 +01:00 [INF]  Executed DbCommand (78ms) [Parameters=[@p0='?' (DbType = DateTime2)], CommandType='"Text"', CommandTimeout='60']
DELETE FROM RefreshTokens WHERE ExpiresAt < @p0 AND RevokedAt IS NOT NULL
2026-05-20 06:22:23.091 +01:00 [INF]  Executed DbCommand (151ms) [Parameters=[], CommandType='"Text"', CommandTimeout='60']
SELECT [b].[Id], [b].[ClientId], [b].[CompletedAt], [b].[CreatedAt], [b].[ProviderId], [b].[RequestedAt], [b].[ScheduledAt], [b].[ScheduledDate], [b].[ServiceId], [b].[Status], [b].[UpdatedAt], [c].[Id], [c].[BookingId], [c].[CreatedAt], [r].[Id], [r0].[Id], [c0].[Id], [c0].[ChatRoomId], [c0].[Content], [c0].[IsRead], [c0].[SenderId], [c0].[SentAt], [r].[BookingId], [r].[CreatedAt], [r].[Reason], [r].[ReporterId], [r].[Status], [r0].[BookingId], [r0].[ClientId], [r0].[Comment], [r0].[CreatedAt], [r0].[Rating], [r0].[ServiceId]
FROM [Bookings] AS [b]
LEFT JOIN [ChatRooms] AS [c] ON [b].[Id] = [c].[BookingId]
LEFT JOIN [Reports] AS [r] ON [b].[Id] = [r].[BookingId]
LEFT JOIN [Reviews] AS [r0] ON [b].[Id] = [r0].[BookingId]
LEFT JOIN [ChatMessages] AS [c0] ON [c].[Id] = [c0].[ChatRoomId]
WHERE [b].[Status] = N'Pending'
ORDER BY [b].[Id], [c].[Id], [r].[Id], [r0].[Id]
2026-05-20 08:48:19.697 +01:00 [INF]  Executed DbCommand (69ms) [Parameters=[], CommandType='"Text"', CommandTimeout='60']
SELECT [b].[Id], [b].[ClientId], [b].[CompletedAt], [b].[CreatedAt], [b].[ProviderId], [b].[RequestedAt], [b].[ScheduledAt], [b].[ScheduledDate], [b].[ServiceId], [b].[Status], [b].[UpdatedAt], [c].[Id], [c].[BookingId], [c].[CreatedAt], [r].[Id], [r0].[Id], [c0].[Id], [c0].[ChatRoomId], [c0].[Content], [c0].[IsRead], [c0].[SenderId], [c0].[SentAt], [r].[BookingId], [r].[CreatedAt], [r].[Reason], [r].[ReporterId], [r].[Status], [r0].[BookingId], [r0].[ClientId], [r0].[Comment], [r0].[CreatedAt], [r0].[Rating], [r0].[ServiceId]
FROM [Bookings] AS [b]
LEFT JOIN [ChatRooms] AS [c] ON [b].[Id] = [c].[BookingId]
LEFT JOIN [Reports] AS [r] ON [b].[Id] = [r].[BookingId]
LEFT JOIN [Reviews] AS [r0] ON [b].[Id] = [r0].[BookingId]
LEFT JOIN [ChatMessages] AS [c0] ON [c].[Id] = [c0].[ChatRoomId]
WHERE [b].[Status] = N'Pending'
ORDER BY [b].[Id], [c].[Id], [r].[Id], [r0].[Id]
2026-05-20 09:03:20.263 +01:00 [INF]  Executed DbCommand (68ms) [Parameters=[], CommandType='"Text"', CommandTimeout='60']
SELECT [b].[Id], [b].[ClientId], [b].[CompletedAt], [b].[CreatedAt], [b].[ProviderId], [b].[RequestedAt], [b].[ScheduledAt], [b].[ScheduledDate], [b].[ServiceId], [b].[Status], [b].[UpdatedAt], [c].[Id], [c].[BookingId], [c].[CreatedAt], [r].[Id], [r0].[Id], [c0].[Id], [c0].[ChatRoomId], [c0].[Content], [c0].[IsRead], [c0].[SenderId], [c0].[SentAt], [r].[BookingId], [r].[CreatedAt], [r].[Reason], [r].[ReporterId], [r].[Status], [r0].[BookingId], [r0].[ClientId], [r0].[Comment], [r0].[CreatedAt], [r0].[Rating], [r0].[ServiceId]
FROM [Bookings] AS [b]
LEFT JOIN [ChatRooms] AS [c] ON [b].[Id] = [c].[BookingId]
LEFT JOIN [Reports] AS [r] ON [b].[Id] = [r].[BookingId]
LEFT JOIN [Reviews] AS [r0] ON [b].[Id] = [r0].[BookingId]
LEFT JOIN [ChatMessages] AS [c0] ON [c].[Id] = [c0].[ChatRoomId]
WHERE [b].[Status] = N'Pending'
ORDER BY [b].[Id], [c].[Id], [r].[Id], [r0].[Id]
2026-05-20 09:18:20.935 +01:00 [INF]  Executed DbCommand (64ms) [Parameters=[], CommandType='"Text"', CommandTimeout='60']
SELECT [b].[Id], [b].[ClientId], [b].[CompletedAt], [b].[CreatedAt], [b].[ProviderId], [b].[RequestedAt], [b].[ScheduledAt], [b].[ScheduledDate], [b].[ServiceId], [b].[Status], [b].[UpdatedAt], [c].[Id], [c].[BookingId], [c].[CreatedAt], [r].[Id], [r0].[Id], [c0].[Id], [c0].[ChatRoomId], [c0].[Content], [c0].[IsRead], [c0].[SenderId], [c0].[SentAt], [r].[BookingId], [r].[CreatedAt], [r].[Reason], [r].[ReporterId], [r].[Status], [r0].[BookingId], [r0].[ClientId], [r0].[Comment], [r0].[CreatedAt], [r0].[Rating], [r0].[ServiceId]
FROM [Bookings] AS [b]
LEFT JOIN [ChatRooms] AS [c] ON [b].[Id] = [c].[BookingId]
LEFT JOIN [Reports] AS [r] ON [b].[Id] = [r].[BookingId]
LEFT JOIN [Reviews] AS [r0] ON [b].[Id] = [r0].[BookingId]
LEFT JOIN [ChatMessages] AS [c0] ON [c].[Id] = [c0].[ChatRoomId]
WHERE [b].[Status] = N'Pending'
ORDER BY [b].[Id], [c].[Id], [r].[Id], [r0].[Id]
2026-05-20 09:33:21.529 +01:00 [INF]  Executed DbCommand (67ms) [Parameters=[], CommandType='"Text"', CommandTimeout='60']
SELECT [b].[Id], [b].[ClientId], [b].[CompletedAt], [b].[CreatedAt], [b].[ProviderId], [b].[RequestedAt], [b].[ScheduledAt], [b].[ScheduledDate], [b].[ServiceId], [b].[Status], [b].[UpdatedAt], [c].[Id], [c].[BookingId], [c].[CreatedAt], [r].[Id], [r0].[Id], [c0].[Id], [c0].[ChatRoomId], [c0].[Content], [c0].[IsRead], [c0].[SenderId], [c0].[SentAt], [r].[BookingId], [r].[CreatedAt], [r].[Reason], [r].[ReporterId], [r].[Status], [r0].[BookingId], [r0].[ClientId], [r0].[Comment], [r0].[CreatedAt], [r0].[Rating], [r0].[ServiceId]
FROM [Bookings] AS [b]
LEFT JOIN [ChatRooms] AS [c] ON [b].[Id] = [c].[BookingId]
LEFT JOIN [Reports] AS [r] ON [b].[Id] = [r].[BookingId]
LEFT JOIN [Reviews] AS [r0] ON [b].[Id] = [r0].[BookingId]
LEFT JOIN [ChatMessages] AS [c0] ON [c].[Id] = [c0].[ChatRoomId]
WHERE [b].[Status] = N'Pending'
ORDER BY [b].[Id], [c].[Id], [r].[Id], [r0].[Id]
2026-05-20 09:48:22.258 +01:00 [INF]  Executed DbCommand (73ms) [Parameters=[], CommandType='"Text"', CommandTimeout='60']
SELECT [b].[Id], [b].[ClientId], [b].[CompletedAt], [b].[CreatedAt], [b].[ProviderId], [b].[RequestedAt], [b].[ScheduledAt], [b].[ScheduledDate], [b].[ServiceId], [b].[Status], [b].[UpdatedAt], [c].[Id], [c].[BookingId], [c].[CreatedAt], [r].[Id], [r0].[Id], [c0].[Id], [c0].[ChatRoomId], [c0].[Content], [c0].[IsRead], [c0].[SenderId], [c0].[SentAt], [r].[BookingId], [r].[CreatedAt], [r].[Reason], [r].[ReporterId], [r].[Status], [r0].[BookingId], [r0].[ClientId], [r0].[Comment], [r0].[CreatedAt], [r0].[Rating], [r0].[ServiceId]
FROM [Bookings] AS [b]
LEFT JOIN [ChatRooms] AS [c] ON [b].[Id] = [c].[BookingId]
LEFT JOIN [Reports] AS [r] ON [b].[Id] = [r].[BookingId]
LEFT JOIN [Reviews] AS [r0] ON [b].[Id] = [r0].[BookingId]
LEFT JOIN [ChatMessages] AS [c0] ON [c].[Id] = [c0].[ChatRoomId]
WHERE [b].[Status] = N'Pending'
ORDER BY [b].[Id], [c].[Id], [r].[Id], [r0].[Id]
2026-05-20 10:03:22.844 +01:00 [INF]  Executed DbCommand (77ms) [Parameters=[], CommandType='"Text"', CommandTimeout='60']
SELECT [b].[Id], [b].[ClientId], [b].[CompletedAt], [b].[CreatedAt], [b].[ProviderId], [b].[RequestedAt], [b].[ScheduledAt], [b].[ScheduledDate], [b].[ServiceId], [b].[Status], [b].[UpdatedAt], [c].[Id], [c].[BookingId], [c].[CreatedAt], [r].[Id], [r0].[Id], [c0].[Id], [c0].[ChatRoomId], [c0].[Content], [c0].[IsRead], [c0].[SenderId], [c0].[SentAt], [r].[BookingId], [r].[CreatedAt], [r].[Reason], [r].[ReporterId], [r].[Status], [r0].[BookingId], [r0].[ClientId], [r0].[Comment], [r0].[CreatedAt], [r0].[Rating], [r0].[ServiceId]
FROM [Bookings] AS [b]
LEFT JOIN [ChatRooms] AS [c] ON [b].[Id] = [c].[BookingId]
LEFT JOIN [Reports] AS [r] ON [b].[Id] = [r].[BookingId]
LEFT JOIN [Reviews] AS [r0] ON [b].[Id] = [r0].[BookingId]
LEFT JOIN [ChatMessages] AS [c0] ON [c].[Id] = [c0].[ChatRoomId]
WHERE [b].[Status] = N'Pending'
ORDER BY [b].[Id], [c].[Id], [r].[Id], [r0].[Id]
2026-05-20 10:18:23.458 +01:00 [INF]  Executed DbCommand (60ms) [Parameters=[], CommandType='"Text"', CommandTimeout='60']
SELECT [b].[Id], [b].[ClientId], [b].[CompletedAt], [b].[CreatedAt], [b].[ProviderId], [b].[RequestedAt], [b].[ScheduledAt], [b].[ScheduledDate], [b].[ServiceId], [b].[Status], [b].[UpdatedAt], [c].[Id], [c].[BookingId], [c].[CreatedAt], [r].[Id], [r0].[Id], [c0].[Id], [c0].[ChatRoomId], [c0].[Content], [c0].[IsRead], [c0].[SenderId], [c0].[SentAt], [r].[BookingId], [r].[CreatedAt], [r].[Reason], [r].[ReporterId], [r].[Status], [r0].[BookingId], [r0].[ClientId], [r0].[Comment], [r0].[CreatedAt], [r0].[Rating], [r0].[ServiceId]
FROM [Bookings] AS [b]
LEFT JOIN [ChatRooms] AS [c] ON [b].[Id] = [c].[BookingId]
LEFT JOIN [Reports] AS [r] ON [b].[Id] = [r].[BookingId]
LEFT JOIN [Reviews] AS [r0] ON [b].[Id] = [r0].[BookingId]
LEFT JOIN [ChatMessages] AS [c0] ON [c].[Id] = [c0].[ChatRoomId]
WHERE [b].[Status] = N'Pending'
ORDER BY [b].[Id], [c].[Id], [r].[Id], [r0].[Id]
2026-05-20 10:33:24.048 +01:00 [INF]  Executed DbCommand (59ms) [Parameters=[], CommandType='"Text"', CommandTimeout='60']
SELECT [b].[Id], [b].[ClientId], [b].[CompletedAt], [b].[CreatedAt], [b].[ProviderId], [b].[RequestedAt], [b].[ScheduledAt], [b].[ScheduledDate], [b].[ServiceId], [b].[Status], [b].[UpdatedAt], [c].[Id], [c].[BookingId], [c].[CreatedAt], [r].[Id], [r0].[Id], [c0].[Id], [c0].[ChatRoomId], [c0].[Content], [c0].[IsRead], [c0].[SenderId], [c0].[SentAt], [r].[BookingId], [r].[CreatedAt], [r].[Reason], [r].[ReporterId], [r].[Status], [r0].[BookingId], [r0].[ClientId], [r0].[Comment], [r0].[CreatedAt], [r0].[Rating], [r0].[ServiceId]
FROM [Bookings] AS [b]
LEFT JOIN [ChatRooms] AS [c] ON [b].[Id] = [c].[BookingId]
LEFT JOIN [Reports] AS [r] ON [b].[Id] = [r].[BookingId]
LEFT JOIN [Reviews] AS [r0] ON [b].[Id] = [r0].[BookingId]
LEFT JOIN [ChatMessages] AS [c0] ON [c].[Id] = [c0].[ChatRoomId]
WHERE [b].[Status] = N'Pending'
ORDER BY [b].[Id], [c].[Id], [r].[Id], [r0].[Id]
2026-05-20 10:48:24.653 +01:00 [INF]  Executed DbCommand (59ms) [Parameters=[], CommandType='"Text"', CommandTimeout='60']
SELECT [b].[Id], [b].[ClientId], [b].[CompletedAt], [b].[CreatedAt], [b].[ProviderId], [b].[RequestedAt], [b].[ScheduledAt], [b].[ScheduledDate], [b].[ServiceId], [b].[Status], [b].[UpdatedAt], [c].[Id], [c].[BookingId], [c].[CreatedAt], [r].[Id], [r0].[Id], [c0].[Id], [c0].[ChatRoomId], [c0].[Content], [c0].[IsRead], [c0].[SenderId], [c0].[SentAt], [r].[BookingId], [r].[CreatedAt], [r].[Reason], [r].[ReporterId], [r].[Status], [r0].[BookingId], [r0].[ClientId], [r0].[Comment], [r0].[CreatedAt], [r0].[Rating], [r0].[ServiceId]
FROM [Bookings] AS [b]
LEFT JOIN [ChatRooms] AS [c] ON [b].[Id] = [c].[BookingId]
LEFT JOIN [Reports] AS [r] ON [b].[Id] = [r].[BookingId]
LEFT JOIN [Reviews] AS [r0] ON [b].[Id] = [r0].[BookingId]
LEFT JOIN [ChatMessages] AS [c0] ON [c].[Id] = [c0].[ChatRoomId]
WHERE [b].[Status] = N'Pending'
ORDER BY [b].[Id], [c].[Id], [r].[Id], [r0].[Id]
2026-05-20 11:03:25.259 +01:00 [INF]  Executed DbCommand (59ms) [Parameters=[], CommandType='"Text"', CommandTimeout='60']
SELECT [b].[Id], [b].[ClientId], [b].[CompletedAt], [b].[CreatedAt], [b].[ProviderId], [b].[RequestedAt], [b].[ScheduledAt], [b].[ScheduledDate], [b].[ServiceId], [b].[Status], [b].[UpdatedAt], [c].[Id], [c].[BookingId], [c].[CreatedAt], [r].[Id], [r0].[Id], [c0].[Id], [c0].[ChatRoomId], [c0].[Content], [c0].[IsRead], [c0].[SenderId], [c0].[SentAt], [r].[BookingId], [r].[CreatedAt], [r].[Reason], [r].[ReporterId], [r].[Status], [r0].[BookingId], [r0].[ClientId], [r0].[Comment], [r0].[CreatedAt], [r0].[Rating], [r0].[ServiceId]
FROM [Bookings] AS [b]
LEFT JOIN [ChatRooms] AS [c] ON [b].[Id] = [c].[BookingId]
LEFT JOIN [Reports] AS [r] ON [b].[Id] = [r].[BookingId]
LEFT JOIN [Reviews] AS [r0] ON [b].[Id] = [r0].[BookingId]
LEFT JOIN [ChatMessages] AS [c0] ON [c].[Id] = [c0].[ChatRoomId]
WHERE [b].[Status] = N'Pending'
ORDER BY [b].[Id], [c].[Id], [r].[Id], [r0].[Id]
2026-05-20 12:46:50.460 +01:00 [INF]  Executed DbCommand (64ms) [Parameters=[], CommandType='"Text"', CommandTimeout='60']
SELECT [b].[Id], [b].[ClientId], [b].[CompletedAt], [b].[CreatedAt], [b].[ProviderId], [b].[RequestedAt], [b].[ScheduledAt], [b].[ScheduledDate], [b].[ServiceId], [b].[Status], [b].[UpdatedAt], [c].[Id], [c].[BookingId], [c].[CreatedAt], [r].[Id], [r0].[Id], [c0].[Id], [c0].[ChatRoomId], [c0].[Content], [c0].[IsRead], [c0].[SenderId], [c0].[SentAt], [r].[BookingId], [r].[CreatedAt], [r].[Reason], [r].[ReporterId], [r].[Status], [r0].[BookingId], [r0].[ClientId], [r0].[Comment], [r0].[CreatedAt], [r0].[Rating], [r0].[ServiceId]
FROM [Bookings] AS [b]
LEFT JOIN [ChatRooms] AS [c] ON [b].[Id] = [c].[BookingId]
LEFT JOIN [Reports] AS [r] ON [b].[Id] = [r].[BookingId]
LEFT JOIN [Reviews] AS [r0] ON [b].[Id] = [r0].[BookingId]
LEFT JOIN [ChatMessages] AS [c0] ON [c].[Id] = [c0].[ChatRoomId]
WHERE [b].[Status] = N'Pending'
ORDER BY [b].[Id], [c].[Id], [r].[Id], [r0].[Id]
2026-05-20 14:42:35.285 +01:00 [ERR]  Connection to Redis failed.
StackExchange.Redis.RedisConnectionException: SocketClosed (ReadEndOfStream, last-recv: 0) on localhost:6379/Subscription, Idle/MarkProcessed, last: PING, origin: ReadFromPipe, outstanding: 0, last-read: 0s ago, last-write: 32s ago, keep-alive: 60s, state: ConnectedEstablished, mgr: 6 of 10 available, in: 0, in-pipe: 0, out-pipe: 0, last-heartbeat: 0s ago, last-mbeat: 0s ago, global: 0s ago, v: 2.12.8.35577
2026-05-20 14:42:43.359 +01:00 [INF]  Application is shutting down...
