2026-05-19 01:00:54.103 +01:00 [INF]  Attempt 1/10: Checking database connection...
2026-05-19 01:00:55.404 +01:00 [INF]  Executed DbCommand (86ms) [Parameters=[], CommandType='"Text"', CommandTimeout='60']
SELECT 1
2026-05-19 01:00:55.492 +01:00 [INF]  Executed DbCommand (80ms) [Parameters=[], CommandType='"Text"', CommandTimeout='60']
SELECT OBJECT_ID(N'[__EFMigrationsHistory]');
2026-05-19 01:00:55.559 +01:00 [INF]  Executed DbCommand (65ms) [Parameters=[], CommandType='"Text"', CommandTimeout='60']
SELECT 1
2026-05-19 01:00:55.625 +01:00 [INF]  Executed DbCommand (65ms) [Parameters=[], CommandType='"Text"', CommandTimeout='60']
SELECT OBJECT_ID(N'[__EFMigrationsHistory]');
2026-05-19 01:00:55.708 +01:00 [INF]  Executed DbCommand (70ms) [Parameters=[], CommandType='"Text"', CommandTimeout='60']
SELECT [MigrationId], [ProductVersion]
FROM [__EFMigrationsHistory]
ORDER BY [MigrationId];
2026-05-19 01:00:55.726 +01:00 [INF]  No migrations were applied. The database is already up to date.
2026-05-19 01:00:55.726 +01:00 [INF]  Database migrations applied successfully.
2026-05-19 01:00:55.895 +01:00 [INF]  Executed DbCommand (64ms) [Parameters=[], CommandType='"Text"', CommandTimeout='60']
SELECT CASE
    WHEN EXISTS (
        SELECT 1
        FROM [Users] AS [u]) THEN CAST(1 AS bit)
    ELSE CAST(0 AS bit)
END
2026-05-19 01:00:55.902 +01:00 [INF]  Test data seeded successfully.
2026-05-19 01:00:55.919 +01:00 [INF]  Connecting to Redis endpoints: localhost:6379. Using Server Name: amines-MacBook-Air_c8f0315b6d404a9c85a3e422af6942c8
2026-05-19 01:00:55.948 +01:00 [INF]  User profile is available. Using '/Users/amine/.aspnet/DataProtection-Keys' as key repository; keys will not be encrypted at rest.
2026-05-19 01:00:55.948 +01:00 [INF]  Connected to Redis.
2026-05-19 01:00:56.084 +01:00 [INF]  Executed DbCommand (66ms) [Parameters=[], CommandType='"Text"', CommandTimeout='60']
SELECT [b].[Id], [b].[ClientId], [b].[CompletedAt], [b].[CreatedAt], [b].[ProviderId], [b].[RequestedAt], [b].[ScheduledAt], [b].[ScheduledDate], [b].[ServiceId], [b].[Status], [b].[UpdatedAt], [c].[Id], [c].[BookingId], [c].[CreatedAt], [r].[Id], [r0].[Id], [c0].[Id], [c0].[ChatRoomId], [c0].[Content], [c0].[IsRead], [c0].[SenderId], [c0].[SentAt], [r].[BookingId], [r].[CreatedAt], [r].[Reason], [r].[ReporterId], [r].[Status], [r0].[BookingId], [r0].[ClientId], [r0].[Comment], [r0].[CreatedAt], [r0].[Rating], [r0].[ServiceId]
FROM [Bookings] AS [b]
LEFT JOIN [ChatRooms] AS [c] ON [b].[Id] = [c].[BookingId]
LEFT JOIN [Reports] AS [r] ON [b].[Id] = [r].[BookingId]
LEFT JOIN [Reviews] AS [r0] ON [b].[Id] = [r0].[BookingId]
LEFT JOIN [ChatMessages] AS [c0] ON [c].[Id] = [c0].[ChatRoomId]
WHERE [b].[Status] = N'Pending'
ORDER BY [b].[Id], [c].[Id], [r].[Id], [r0].[Id]
2026-05-19 01:00:56.331 +01:00 [INF]  Now listening on: https://localhost:7243
2026-05-19 01:00:56.331 +01:00 [INF]  Now listening on: http://localhost:5293
2026-05-19 01:00:56.331 +01:00 [INF]  Application started. Press Ctrl+C to shut down.
2026-05-19 01:00:56.331 +01:00 [INF]  Hosting environment: Development
2026-05-19 01:00:56.331 +01:00 [INF]  Content root path: /Users/amine/Desktop/SP/src/SP.API
2026-05-19 01:00:56.655 +01:00 [INF]  Executed DbCommand (73ms) [Parameters=[@p0='?' (DbType = DateTime2)], CommandType='"Text"', CommandTimeout='60']
DELETE FROM RefreshTokens WHERE ExpiresAt < @p0 AND RevokedAt IS NOT NULL
2026-05-19 01:15:56.832 +01:00 [INF]  Executed DbCommand (75ms) [Parameters=[], CommandType='"Text"', CommandTimeout='60']
SELECT [b].[Id], [b].[ClientId], [b].[CompletedAt], [b].[CreatedAt], [b].[ProviderId], [b].[RequestedAt], [b].[ScheduledAt], [b].[ScheduledDate], [b].[ServiceId], [b].[Status], [b].[UpdatedAt], [c].[Id], [c].[BookingId], [c].[CreatedAt], [r].[Id], [r0].[Id], [c0].[Id], [c0].[ChatRoomId], [c0].[Content], [c0].[IsRead], [c0].[SenderId], [c0].[SentAt], [r].[BookingId], [r].[CreatedAt], [r].[Reason], [r].[ReporterId], [r].[Status], [r0].[BookingId], [r0].[ClientId], [r0].[Comment], [r0].[CreatedAt], [r0].[Rating], [r0].[ServiceId]
FROM [Bookings] AS [b]
LEFT JOIN [ChatRooms] AS [c] ON [b].[Id] = [c].[BookingId]
LEFT JOIN [Reports] AS [r] ON [b].[Id] = [r].[BookingId]
LEFT JOIN [Reviews] AS [r0] ON [b].[Id] = [r0].[BookingId]
LEFT JOIN [ChatMessages] AS [c0] ON [c].[Id] = [c0].[ChatRoomId]
WHERE [b].[Status] = N'Pending'
ORDER BY [b].[Id], [c].[Id], [r].[Id], [r0].[Id]
2026-05-19 01:30:57.593 +01:00 [INF]  Executed DbCommand (69ms) [Parameters=[], CommandType='"Text"', CommandTimeout='60']
SELECT [b].[Id], [b].[ClientId], [b].[CompletedAt], [b].[CreatedAt], [b].[ProviderId], [b].[RequestedAt], [b].[ScheduledAt], [b].[ScheduledDate], [b].[ServiceId], [b].[Status], [b].[UpdatedAt], [c].[Id], [c].[BookingId], [c].[CreatedAt], [r].[Id], [r0].[Id], [c0].[Id], [c0].[ChatRoomId], [c0].[Content], [c0].[IsRead], [c0].[SenderId], [c0].[SentAt], [r].[BookingId], [r].[CreatedAt], [r].[Reason], [r].[ReporterId], [r].[Status], [r0].[BookingId], [r0].[ClientId], [r0].[Comment], [r0].[CreatedAt], [r0].[Rating], [r0].[ServiceId]
FROM [Bookings] AS [b]
LEFT JOIN [ChatRooms] AS [c] ON [b].[Id] = [c].[BookingId]
LEFT JOIN [Reports] AS [r] ON [b].[Id] = [r].[BookingId]
LEFT JOIN [Reviews] AS [r0] ON [b].[Id] = [r0].[BookingId]
LEFT JOIN [ChatMessages] AS [c0] ON [c].[Id] = [c0].[ChatRoomId]
WHERE [b].[Status] = N'Pending'
ORDER BY [b].[Id], [c].[Id], [r].[Id], [r0].[Id]
2026-05-19 01:45:58.255 +01:00 [INF]  Executed DbCommand (67ms) [Parameters=[], CommandType='"Text"', CommandTimeout='60']
SELECT [b].[Id], [b].[ClientId], [b].[CompletedAt], [b].[CreatedAt], [b].[ProviderId], [b].[RequestedAt], [b].[ScheduledAt], [b].[ScheduledDate], [b].[ServiceId], [b].[Status], [b].[UpdatedAt], [c].[Id], [c].[BookingId], [c].[CreatedAt], [r].[Id], [r0].[Id], [c0].[Id], [c0].[ChatRoomId], [c0].[Content], [c0].[IsRead], [c0].[SenderId], [c0].[SentAt], [r].[BookingId], [r].[CreatedAt], [r].[Reason], [r].[ReporterId], [r].[Status], [r0].[BookingId], [r0].[ClientId], [r0].[Comment], [r0].[CreatedAt], [r0].[Rating], [r0].[ServiceId]
FROM [Bookings] AS [b]
LEFT JOIN [ChatRooms] AS [c] ON [b].[Id] = [c].[BookingId]
LEFT JOIN [Reports] AS [r] ON [b].[Id] = [r].[BookingId]
LEFT JOIN [Reviews] AS [r0] ON [b].[Id] = [r0].[BookingId]
LEFT JOIN [ChatMessages] AS [c0] ON [c].[Id] = [c0].[ChatRoomId]
WHERE [b].[Status] = N'Pending'
ORDER BY [b].[Id], [c].[Id], [r].[Id], [r0].[Id]
2026-05-19 02:00:59.132 +01:00 [INF]  Executed DbCommand (78ms) [Parameters=[], CommandType='"Text"', CommandTimeout='60']
SELECT [b].[Id], [b].[ClientId], [b].[CompletedAt], [b].[CreatedAt], [b].[ProviderId], [b].[RequestedAt], [b].[ScheduledAt], [b].[ScheduledDate], [b].[ServiceId], [b].[Status], [b].[UpdatedAt], [c].[Id], [c].[BookingId], [c].[CreatedAt], [r].[Id], [r0].[Id], [c0].[Id], [c0].[ChatRoomId], [c0].[Content], [c0].[IsRead], [c0].[SenderId], [c0].[SentAt], [r].[BookingId], [r].[CreatedAt], [r].[Reason], [r].[ReporterId], [r].[Status], [r0].[BookingId], [r0].[ClientId], [r0].[Comment], [r0].[CreatedAt], [r0].[Rating], [r0].[ServiceId]
FROM [Bookings] AS [b]
LEFT JOIN [ChatRooms] AS [c] ON [b].[Id] = [c].[BookingId]
LEFT JOIN [Reports] AS [r] ON [b].[Id] = [r].[BookingId]
LEFT JOIN [Reviews] AS [r0] ON [b].[Id] = [r0].[BookingId]
LEFT JOIN [ChatMessages] AS [c0] ON [c].[Id] = [c0].[ChatRoomId]
WHERE [b].[Status] = N'Pending'
ORDER BY [b].[Id], [c].[Id], [r].[Id], [r0].[Id]
2026-05-19 05:15:05.765 +01:00 [ERR]  An error occurred using the connection to database 'db52470' on server 'db52470.public.databaseasp.net'.
2026-05-19 05:15:05.850 +01:00 [ERR]  An exception occurred while iterating over the results of a query for context type 'SP.Infrastructure.Persistence.ApplicationDbContext'.
Microsoft.Data.SqlClient.SqlException (0x80131904): A network-related or instance-specific error occurred while establishing a connection to SQL Server. The server was not found or was not accessible. Verify that the instance name is correct and that SQL Server is configured to allow remote connections. (provider: TCP Provider, error: 40 - Could not open a connection to SQL Server)
   at Microsoft.Data.SqlClient.SqlInternalConnection.OnError(SqlException exception, Boolean breakConnection, Action`1 wrapCloseInAction)
   at Microsoft.Data.SqlClient.TdsParser.ThrowExceptionAndWarning(TdsParserStateObject stateObj, SqlCommand command, Boolean callerHasConnectionLock, Boolean asyncClose)
   at Microsoft.Data.SqlClient.TdsParser.Connect(ServerInfo serverInfo, SqlInternalConnectionTds connHandler, TimeoutTimer timeout, SqlConnectionString connectionOptions, Boolean withFailover)
   at Microsoft.Data.SqlClient.SqlInternalConnectionTds.AttemptOneLogin(ServerInfo serverInfo, String newPassword, SecureString newSecurePassword, TimeoutTimer timeout, Boolean withFailover)
   at Microsoft.Data.SqlClient.SqlInternalConnectionTds.LoginNoFailover(ServerInfo serverInfo, String newPassword, SecureString newSecurePassword, Boolean redirectedUserInstance, SqlConnectionString connectionOptions, SqlCredential credential, TimeoutTimer timeout)
   at Microsoft.Data.SqlClient.SqlInternalConnectionTds.OpenLoginEnlist(TimeoutTimer timeout, SqlConnectionString connectionOptions, SqlCredential credential, String newPassword, SecureString newSecurePassword, Boolean redirectedUserInstance)
   at Microsoft.Data.SqlClient.SqlInternalConnectionTds..ctor(DbConnectionPoolIdentity identity, SqlConnectionString connectionOptions, SqlCredential credential, Object providerInfo, String newPassword, SecureString newSecurePassword, Boolean redirectedUserInstance, SqlConnectionString userConnectionOptions, SessionData reconnectSessionData, Boolean applyTransientFaultHandling, String accessToken, DbConnectionPool pool, Func`3 accessTokenCallback)
   at Microsoft.Data.SqlClient.SqlConnectionFactory.CreateConnection(DbConnectionOptions options, DbConnectionPoolKey poolKey, Object poolGroupProviderInfo, DbConnectionPool pool, DbConnection owningConnection, DbConnectionOptions userOptions)
   at Microsoft.Data.ProviderBase.DbConnectionFactory.CreatePooledConnection(DbConnectionPool pool, DbConnection owningObject, DbConnectionOptions options, DbConnectionPoolKey poolKey, DbConnectionOptions userOptions)
   at Microsoft.Data.ProviderBase.DbConnectionPool.CreateObject(DbConnection owningObject, DbConnectionOptions userOptions, DbConnectionInternal oldConnection)
   at Microsoft.Data.ProviderBase.DbConnectionPool.UserCreateRequest(DbConnection owningObject, DbConnectionOptions userOptions, DbConnectionInternal oldConnection)
   at Microsoft.Data.ProviderBase.DbConnectionPool.TryGetConnection(DbConnection owningObject, UInt32 waitForMultipleObjectsTimeout, Boolean allowCreate, Boolean onlyOneCheckConnection, DbConnectionOptions userOptions, DbConnectionInternal& connection)
   at Microsoft.Data.ProviderBase.DbConnectionPool.WaitForPendingOpen()
--- End of stack trace from previous location ---
   at Microsoft.EntityFrameworkCore.Storage.RelationalConnection.OpenInternalAsync(Boolean errorsExpected, CancellationToken cancellationToken)
   at Microsoft.EntityFrameworkCore.Storage.RelationalConnection.OpenInternalAsync(Boolean errorsExpected, CancellationToken cancellationToken)
   at Microsoft.EntityFrameworkCore.Storage.RelationalConnection.OpenAsync(CancellationToken cancellationToken, Boolean errorsExpected)
   at Microsoft.EntityFrameworkCore.Storage.RelationalCommand.ExecuteReaderAsync(RelationalCommandParameterObject parameterObject, CancellationToken cancellationToken)
   at Microsoft.EntityFrameworkCore.Query.Internal.SingleQueryingEnumerable`1.AsyncEnumerator.InitializeReaderAsync(AsyncEnumerator enumerator, CancellationToken cancellationToken)
   at Microsoft.EntityFrameworkCore.Storage.ExecutionStrategy.<>c__DisplayClass30_0`2.<<ExecuteAsync>b__0>d.MoveNext()
--- End of stack trace from previous location ---
   at Microsoft.EntityFrameworkCore.Storage.ExecutionStrategy.ExecuteImplementationAsync[TState,TResult](Func`4 operation, Func`4 verifySucceeded, TState state, CancellationToken cancellationToken)
   at Microsoft.EntityFrameworkCore.Storage.ExecutionStrategy.ExecuteImplementationAsync[TState,TResult](Func`4 operation, Func`4 verifySucceeded, TState state, CancellationToken cancellationToken)
   at Microsoft.EntityFrameworkCore.Storage.ExecutionStrategy.ExecuteAsync[TState,TResult](TState state, Func`4 operation, Func`4 verifySucceeded, CancellationToken cancellationToken)
   at Microsoft.EntityFrameworkCore.Query.Internal.SingleQueryingEnumerable`1.AsyncEnumerator.MoveNextAsync()
ClientConnectionId:00000000-0000-0000-0000-000000000000
Microsoft.Data.SqlClient.SqlException (0x80131904): A network-related or instance-specific error occurred while establishing a connection to SQL Server. The server was not found or was not accessible. Verify that the instance name is correct and that SQL Server is configured to allow remote connections. (provider: TCP Provider, error: 40 - Could not open a connection to SQL Server)
   at Microsoft.Data.SqlClient.SqlInternalConnection.OnError(SqlException exception, Boolean breakConnection, Action`1 wrapCloseInAction)
   at Microsoft.Data.SqlClient.TdsParser.ThrowExceptionAndWarning(TdsParserStateObject stateObj, SqlCommand command, Boolean callerHasConnectionLock, Boolean asyncClose)
   at Microsoft.Data.SqlClient.TdsParser.Connect(ServerInfo serverInfo, SqlInternalConnectionTds connHandler, TimeoutTimer timeout, SqlConnectionString connectionOptions, Boolean withFailover)
   at Microsoft.Data.SqlClient.SqlInternalConnectionTds.AttemptOneLogin(ServerInfo serverInfo, String newPassword, SecureString newSecurePassword, TimeoutTimer timeout, Boolean withFailover)
   at Microsoft.Data.SqlClient.SqlInternalConnectionTds.LoginNoFailover(ServerInfo serverInfo, String newPassword, SecureString newSecurePassword, Boolean redirectedUserInstance, SqlConnectionString connectionOptions, SqlCredential credential, TimeoutTimer timeout)
   at Microsoft.Data.SqlClient.SqlInternalConnectionTds.OpenLoginEnlist(TimeoutTimer timeout, SqlConnectionString connectionOptions, SqlCredential credential, String newPassword, SecureString newSecurePassword, Boolean redirectedUserInstance)
   at Microsoft.Data.SqlClient.SqlInternalConnectionTds..ctor(DbConnectionPoolIdentity identity, SqlConnectionString connectionOptions, SqlCredential credential, Object providerInfo, String newPassword, SecureString newSecurePassword, Boolean redirectedUserInstance, SqlConnectionString userConnectionOptions, SessionData reconnectSessionData, Boolean applyTransientFaultHandling, String accessToken, DbConnectionPool pool, Func`3 accessTokenCallback)
   at Microsoft.Data.SqlClient.SqlConnectionFactory.CreateConnection(DbConnectionOptions options, DbConnectionPoolKey poolKey, Object poolGroupProviderInfo, DbConnectionPool pool, DbConnection owningConnection, DbConnectionOptions userOptions)
   at Microsoft.Data.ProviderBase.DbConnectionFactory.CreatePooledConnection(DbConnectionPool pool, DbConnection owningObject, DbConnectionOptions options, DbConnectionPoolKey poolKey, DbConnectionOptions userOptions)
   at Microsoft.Data.ProviderBase.DbConnectionPool.CreateObject(DbConnection owningObject, DbConnectionOptions userOptions, DbConnectionInternal oldConnection)
   at Microsoft.Data.ProviderBase.DbConnectionPool.UserCreateRequest(DbConnection owningObject, DbConnectionOptions userOptions, DbConnectionInternal oldConnection)
   at Microsoft.Data.ProviderBase.DbConnectionPool.TryGetConnection(DbConnection owningObject, UInt32 waitForMultipleObjectsTimeout, Boolean allowCreate, Boolean onlyOneCheckConnection, DbConnectionOptions userOptions, DbConnectionInternal& connection)
   at Microsoft.Data.ProviderBase.DbConnectionPool.WaitForPendingOpen()
--- End of stack trace from previous location ---
   at Microsoft.EntityFrameworkCore.Storage.RelationalConnection.OpenInternalAsync(Boolean errorsExpected, CancellationToken cancellationToken)
   at Microsoft.EntityFrameworkCore.Storage.RelationalConnection.OpenInternalAsync(Boolean errorsExpected, CancellationToken cancellationToken)
   at Microsoft.EntityFrameworkCore.Storage.RelationalConnection.OpenAsync(CancellationToken cancellationToken, Boolean errorsExpected)
   at Microsoft.EntityFrameworkCore.Storage.RelationalCommand.ExecuteReaderAsync(RelationalCommandParameterObject parameterObject, CancellationToken cancellationToken)
   at Microsoft.EntityFrameworkCore.Query.Internal.SingleQueryingEnumerable`1.AsyncEnumerator.InitializeReaderAsync(AsyncEnumerator enumerator, CancellationToken cancellationToken)
   at Microsoft.EntityFrameworkCore.Storage.ExecutionStrategy.<>c__DisplayClass30_0`2.<<ExecuteAsync>b__0>d.MoveNext()
--- End of stack trace from previous location ---
   at Microsoft.EntityFrameworkCore.Storage.ExecutionStrategy.ExecuteImplementationAsync[TState,TResult](Func`4 operation, Func`4 verifySucceeded, TState state, CancellationToken cancellationToken)
   at Microsoft.EntityFrameworkCore.Storage.ExecutionStrategy.ExecuteImplementationAsync[TState,TResult](Func`4 operation, Func`4 verifySucceeded, TState state, CancellationToken cancellationToken)
   at Microsoft.EntityFrameworkCore.Storage.ExecutionStrategy.ExecuteAsync[TState,TResult](TState state, Func`4 operation, Func`4 verifySucceeded, CancellationToken cancellationToken)
   at Microsoft.EntityFrameworkCore.Query.Internal.SingleQueryingEnumerable`1.AsyncEnumerator.MoveNextAsync()
ClientConnectionId:00000000-0000-0000-0000-000000000000
2026-05-19 05:15:05.853 +01:00 [ERR]  Unhandled error in ExpirePendingBookingsJob
Microsoft.Data.SqlClient.SqlException (0x80131904): A network-related or instance-specific error occurred while establishing a connection to SQL Server. The server was not found or was not accessible. Verify that the instance name is correct and that SQL Server is configured to allow remote connections. (provider: TCP Provider, error: 40 - Could not open a connection to SQL Server)
   at Microsoft.Data.SqlClient.SqlInternalConnection.OnError(SqlException exception, Boolean breakConnection, Action`1 wrapCloseInAction)
   at Microsoft.Data.SqlClient.TdsParser.ThrowExceptionAndWarning(TdsParserStateObject stateObj, SqlCommand command, Boolean callerHasConnectionLock, Boolean asyncClose)
   at Microsoft.Data.SqlClient.TdsParser.Connect(ServerInfo serverInfo, SqlInternalConnectionTds connHandler, TimeoutTimer timeout, SqlConnectionString connectionOptions, Boolean withFailover)
   at Microsoft.Data.SqlClient.SqlInternalConnectionTds.AttemptOneLogin(ServerInfo serverInfo, String newPassword, SecureString newSecurePassword, TimeoutTimer timeout, Boolean withFailover)
   at Microsoft.Data.SqlClient.SqlInternalConnectionTds.LoginNoFailover(ServerInfo serverInfo, String newPassword, SecureString newSecurePassword, Boolean redirectedUserInstance, SqlConnectionString connectionOptions, SqlCredential credential, TimeoutTimer timeout)
   at Microsoft.Data.SqlClient.SqlInternalConnectionTds.OpenLoginEnlist(TimeoutTimer timeout, SqlConnectionString connectionOptions, SqlCredential credential, String newPassword, SecureString newSecurePassword, Boolean redirectedUserInstance)
   at Microsoft.Data.SqlClient.SqlInternalConnectionTds..ctor(DbConnectionPoolIdentity identity, SqlConnectionString connectionOptions, SqlCredential credential, Object providerInfo, String newPassword, SecureString newSecurePassword, Boolean redirectedUserInstance, SqlConnectionString userConnectionOptions, SessionData reconnectSessionData, Boolean applyTransientFaultHandling, String accessToken, DbConnectionPool pool, Func`3 accessTokenCallback)
   at Microsoft.Data.SqlClient.SqlConnectionFactory.CreateConnection(DbConnectionOptions options, DbConnectionPoolKey poolKey, Object poolGroupProviderInfo, DbConnectionPool pool, DbConnection owningConnection, DbConnectionOptions userOptions)
   at Microsoft.Data.ProviderBase.DbConnectionFactory.CreatePooledConnection(DbConnectionPool pool, DbConnection owningObject, DbConnectionOptions options, DbConnectionPoolKey poolKey, DbConnectionOptions userOptions)
   at Microsoft.Data.ProviderBase.DbConnectionPool.CreateObject(DbConnection owningObject, DbConnectionOptions userOptions, DbConnectionInternal oldConnection)
   at Microsoft.Data.ProviderBase.DbConnectionPool.UserCreateRequest(DbConnection owningObject, DbConnectionOptions userOptions, DbConnectionInternal oldConnection)
   at Microsoft.Data.ProviderBase.DbConnectionPool.TryGetConnection(DbConnection owningObject, UInt32 waitForMultipleObjectsTimeout, Boolean allowCreate, Boolean onlyOneCheckConnection, DbConnectionOptions userOptions, DbConnectionInternal& connection)
   at Microsoft.Data.ProviderBase.DbConnectionPool.WaitForPendingOpen()
--- End of stack trace from previous location ---
   at Microsoft.EntityFrameworkCore.Storage.RelationalConnection.OpenInternalAsync(Boolean errorsExpected, CancellationToken cancellationToken)
   at Microsoft.EntityFrameworkCore.Storage.RelationalConnection.OpenInternalAsync(Boolean errorsExpected, CancellationToken cancellationToken)
   at Microsoft.EntityFrameworkCore.Storage.RelationalConnection.OpenAsync(CancellationToken cancellationToken, Boolean errorsExpected)
   at Microsoft.EntityFrameworkCore.Storage.RelationalCommand.ExecuteReaderAsync(RelationalCommandParameterObject parameterObject, CancellationToken cancellationToken)
   at Microsoft.EntityFrameworkCore.Query.Internal.SingleQueryingEnumerable`1.AsyncEnumerator.InitializeReaderAsync(AsyncEnumerator enumerator, CancellationToken cancellationToken)
   at Microsoft.EntityFrameworkCore.Storage.ExecutionStrategy.<>c__DisplayClass30_0`2.<<ExecuteAsync>b__0>d.MoveNext()
--- End of stack trace from previous location ---
   at Microsoft.EntityFrameworkCore.Storage.ExecutionStrategy.ExecuteImplementationAsync[TState,TResult](Func`4 operation, Func`4 verifySucceeded, TState state, CancellationToken cancellationToken)
   at Microsoft.EntityFrameworkCore.Storage.ExecutionStrategy.ExecuteImplementationAsync[TState,TResult](Func`4 operation, Func`4 verifySucceeded, TState state, CancellationToken cancellationToken)
   at Microsoft.EntityFrameworkCore.Storage.ExecutionStrategy.ExecuteAsync[TState,TResult](TState state, Func`4 operation, Func`4 verifySucceeded, CancellationToken cancellationToken)
   at Microsoft.EntityFrameworkCore.Query.Internal.SingleQueryingEnumerable`1.AsyncEnumerator.MoveNextAsync()
   at Microsoft.EntityFrameworkCore.EntityFrameworkQueryableExtensions.ToListAsync[TSource](IQueryable`1 source, CancellationToken cancellationToken)
   at Microsoft.EntityFrameworkCore.EntityFrameworkQueryableExtensions.ToListAsync[TSource](IQueryable`1 source, CancellationToken cancellationToken)
   at SP.Infrastructure.Persistence.Repositories.BookingRepository.GetPendingBookingsAsync(CancellationToken cancellationToken) in /Users/amine/Desktop/SP/src/SP.Infrastructure/Persistence/Repositories/BookingRepository.cs:line 78
   at SP.Infrastructure.BackgroundJobs.ExpirePendingBookingsJob.ExpireBookingsAsync(CancellationToken cancellationToken) in /Users/amine/Desktop/SP/src/SP.Infrastructure/BackgroundJobs/ExpirePendingBookingsJob.cs:line 56
   at SP.Infrastructure.BackgroundJobs.ExpirePendingBookingsJob.ExecuteAsync(CancellationToken stoppingToken) in /Users/amine/Desktop/SP/src/SP.Infrastructure/BackgroundJobs/ExpirePendingBookingsJob.cs:line 37
ClientConnectionId:00000000-0000-0000-0000-000000000000
2026-05-19 13:54:30.559 +01:00 [INF]  Executed DbCommand (92ms) [Parameters=[], CommandType='"Text"', CommandTimeout='60']
SELECT [b].[Id], [b].[ClientId], [b].[CompletedAt], [b].[CreatedAt], [b].[ProviderId], [b].[RequestedAt], [b].[ScheduledAt], [b].[ScheduledDate], [b].[ServiceId], [b].[Status], [b].[UpdatedAt], [c].[Id], [c].[BookingId], [c].[CreatedAt], [r].[Id], [r0].[Id], [c0].[Id], [c0].[ChatRoomId], [c0].[Content], [c0].[IsRead], [c0].[SenderId], [c0].[SentAt], [r].[BookingId], [r].[CreatedAt], [r].[Reason], [r].[ReporterId], [r].[Status], [r0].[BookingId], [r0].[ClientId], [r0].[Comment], [r0].[CreatedAt], [r0].[Rating], [r0].[ServiceId]
FROM [Bookings] AS [b]
LEFT JOIN [ChatRooms] AS [c] ON [b].[Id] = [c].[BookingId]
LEFT JOIN [Reports] AS [r] ON [b].[Id] = [r].[BookingId]
LEFT JOIN [Reviews] AS [r0] ON [b].[Id] = [r0].[BookingId]
LEFT JOIN [ChatMessages] AS [c0] ON [c].[Id] = [c0].[ChatRoomId]
WHERE [b].[Status] = N'Pending'
ORDER BY [b].[Id], [c].[Id], [r].[Id], [r0].[Id]
2026-05-19 14:09:31.350 +01:00 [INF]  Executed DbCommand (66ms) [Parameters=[], CommandType='"Text"', CommandTimeout='60']
SELECT [b].[Id], [b].[ClientId], [b].[CompletedAt], [b].[CreatedAt], [b].[ProviderId], [b].[RequestedAt], [b].[ScheduledAt], [b].[ScheduledDate], [b].[ServiceId], [b].[Status], [b].[UpdatedAt], [c].[Id], [c].[BookingId], [c].[CreatedAt], [r].[Id], [r0].[Id], [c0].[Id], [c0].[ChatRoomId], [c0].[Content], [c0].[IsRead], [c0].[SenderId], [c0].[SentAt], [r].[BookingId], [r].[CreatedAt], [r].[Reason], [r].[ReporterId], [r].[Status], [r0].[BookingId], [r0].[ClientId], [r0].[Comment], [r0].[CreatedAt], [r0].[Rating], [r0].[ServiceId]
FROM [Bookings] AS [b]
LEFT JOIN [ChatRooms] AS [c] ON [b].[Id] = [c].[BookingId]
LEFT JOIN [Reports] AS [r] ON [b].[Id] = [r].[BookingId]
LEFT JOIN [Reviews] AS [r0] ON [b].[Id] = [r0].[BookingId]
LEFT JOIN [ChatMessages] AS [c0] ON [c].[Id] = [c0].[ChatRoomId]
WHERE [b].[Status] = N'Pending'
ORDER BY [b].[Id], [c].[Id], [r].[Id], [r0].[Id]
2026-05-19 14:24:32.183 +01:00 [INF]  Executed DbCommand (71ms) [Parameters=[], CommandType='"Text"', CommandTimeout='60']
SELECT [b].[Id], [b].[ClientId], [b].[CompletedAt], [b].[CreatedAt], [b].[ProviderId], [b].[RequestedAt], [b].[ScheduledAt], [b].[ScheduledDate], [b].[ServiceId], [b].[Status], [b].[UpdatedAt], [c].[Id], [c].[BookingId], [c].[CreatedAt], [r].[Id], [r0].[Id], [c0].[Id], [c0].[ChatRoomId], [c0].[Content], [c0].[IsRead], [c0].[SenderId], [c0].[SentAt], [r].[BookingId], [r].[CreatedAt], [r].[Reason], [r].[ReporterId], [r].[Status], [r0].[BookingId], [r0].[ClientId], [r0].[Comment], [r0].[CreatedAt], [r0].[Rating], [r0].[ServiceId]
FROM [Bookings] AS [b]
LEFT JOIN [ChatRooms] AS [c] ON [b].[Id] = [c].[BookingId]
LEFT JOIN [Reports] AS [r] ON [b].[Id] = [r].[BookingId]
LEFT JOIN [Reviews] AS [r0] ON [b].[Id] = [r0].[BookingId]
LEFT JOIN [ChatMessages] AS [c0] ON [c].[Id] = [c0].[ChatRoomId]
WHERE [b].[Status] = N'Pending'
ORDER BY [b].[Id], [c].[Id], [r].[Id], [r0].[Id]
2026-05-19 14:39:33.096 +01:00 [INF]  Executed DbCommand (65ms) [Parameters=[], CommandType='"Text"', CommandTimeout='60']
SELECT [b].[Id], [b].[ClientId], [b].[CompletedAt], [b].[CreatedAt], [b].[ProviderId], [b].[RequestedAt], [b].[ScheduledAt], [b].[ScheduledDate], [b].[ServiceId], [b].[Status], [b].[UpdatedAt], [c].[Id], [c].[BookingId], [c].[CreatedAt], [r].[Id], [r0].[Id], [c0].[Id], [c0].[ChatRoomId], [c0].[Content], [c0].[IsRead], [c0].[SenderId], [c0].[SentAt], [r].[BookingId], [r].[CreatedAt], [r].[Reason], [r].[ReporterId], [r].[Status], [r0].[BookingId], [r0].[ClientId], [r0].[Comment], [r0].[CreatedAt], [r0].[Rating], [r0].[ServiceId]
FROM [Bookings] AS [b]
LEFT JOIN [ChatRooms] AS [c] ON [b].[Id] = [c].[BookingId]
LEFT JOIN [Reports] AS [r] ON [b].[Id] = [r].[BookingId]
LEFT JOIN [Reviews] AS [r0] ON [b].[Id] = [r0].[BookingId]
LEFT JOIN [ChatMessages] AS [c0] ON [c].[Id] = [c0].[ChatRoomId]
WHERE [b].[Status] = N'Pending'
ORDER BY [b].[Id], [c].[Id], [r].[Id], [r0].[Id]
2026-05-19 14:54:33.789 +01:00 [INF]  Executed DbCommand (67ms) [Parameters=[], CommandType='"Text"', CommandTimeout='60']
SELECT [b].[Id], [b].[ClientId], [b].[CompletedAt], [b].[CreatedAt], [b].[ProviderId], [b].[RequestedAt], [b].[ScheduledAt], [b].[ScheduledDate], [b].[ServiceId], [b].[Status], [b].[UpdatedAt], [c].[Id], [c].[BookingId], [c].[CreatedAt], [r].[Id], [r0].[Id], [c0].[Id], [c0].[ChatRoomId], [c0].[Content], [c0].[IsRead], [c0].[SenderId], [c0].[SentAt], [r].[BookingId], [r].[CreatedAt], [r].[Reason], [r].[ReporterId], [r].[Status], [r0].[BookingId], [r0].[ClientId], [r0].[Comment], [r0].[CreatedAt], [r0].[Rating], [r0].[ServiceId]
FROM [Bookings] AS [b]
LEFT JOIN [ChatRooms] AS [c] ON [b].[Id] = [c].[BookingId]
LEFT JOIN [Reports] AS [r] ON [b].[Id] = [r].[BookingId]
LEFT JOIN [Reviews] AS [r0] ON [b].[Id] = [r0].[BookingId]
LEFT JOIN [ChatMessages] AS [c0] ON [c].[Id] = [c0].[ChatRoomId]
WHERE [b].[Status] = N'Pending'
ORDER BY [b].[Id], [c].[Id], [r].[Id], [r0].[Id]
2026-05-19 15:09:34.644 +01:00 [INF]  Executed DbCommand (75ms) [Parameters=[], CommandType='"Text"', CommandTimeout='60']
SELECT [b].[Id], [b].[ClientId], [b].[CompletedAt], [b].[CreatedAt], [b].[ProviderId], [b].[RequestedAt], [b].[ScheduledAt], [b].[ScheduledDate], [b].[ServiceId], [b].[Status], [b].[UpdatedAt], [c].[Id], [c].[BookingId], [c].[CreatedAt], [r].[Id], [r0].[Id], [c0].[Id], [c0].[ChatRoomId], [c0].[Content], [c0].[IsRead], [c0].[SenderId], [c0].[SentAt], [r].[BookingId], [r].[CreatedAt], [r].[Reason], [r].[ReporterId], [r].[Status], [r0].[BookingId], [r0].[ClientId], [r0].[Comment], [r0].[CreatedAt], [r0].[Rating], [r0].[ServiceId]
FROM [Bookings] AS [b]
LEFT JOIN [ChatRooms] AS [c] ON [b].[Id] = [c].[BookingId]
LEFT JOIN [Reports] AS [r] ON [b].[Id] = [r].[BookingId]
LEFT JOIN [Reviews] AS [r0] ON [b].[Id] = [r0].[BookingId]
LEFT JOIN [ChatMessages] AS [c0] ON [c].[Id] = [c0].[ChatRoomId]
WHERE [b].[Status] = N'Pending'
ORDER BY [b].[Id], [c].[Id], [r].[Id], [r0].[Id]
2026-05-19 15:24:35.475 +01:00 [INF]  Executed DbCommand (74ms) [Parameters=[], CommandType='"Text"', CommandTimeout='60']
SELECT [b].[Id], [b].[ClientId], [b].[CompletedAt], [b].[CreatedAt], [b].[ProviderId], [b].[RequestedAt], [b].[ScheduledAt], [b].[ScheduledDate], [b].[ServiceId], [b].[Status], [b].[UpdatedAt], [c].[Id], [c].[BookingId], [c].[CreatedAt], [r].[Id], [r0].[Id], [c0].[Id], [c0].[ChatRoomId], [c0].[Content], [c0].[IsRead], [c0].[SenderId], [c0].[SentAt], [r].[BookingId], [r].[CreatedAt], [r].[Reason], [r].[ReporterId], [r].[Status], [r0].[BookingId], [r0].[ClientId], [r0].[Comment], [r0].[CreatedAt], [r0].[Rating], [r0].[ServiceId]
FROM [Bookings] AS [b]
LEFT JOIN [ChatRooms] AS [c] ON [b].[Id] = [c].[BookingId]
LEFT JOIN [Reports] AS [r] ON [b].[Id] = [r].[BookingId]
LEFT JOIN [Reviews] AS [r0] ON [b].[Id] = [r0].[BookingId]
LEFT JOIN [ChatMessages] AS [c0] ON [c].[Id] = [c0].[ChatRoomId]
WHERE [b].[Status] = N'Pending'
ORDER BY [b].[Id], [c].[Id], [r].[Id], [r0].[Id]
2026-05-19 15:39:36.263 +01:00 [INF]  Executed DbCommand (71ms) [Parameters=[], CommandType='"Text"', CommandTimeout='60']
SELECT [b].[Id], [b].[ClientId], [b].[CompletedAt], [b].[CreatedAt], [b].[ProviderId], [b].[RequestedAt], [b].[ScheduledAt], [b].[ScheduledDate], [b].[ServiceId], [b].[Status], [b].[UpdatedAt], [c].[Id], [c].[BookingId], [c].[CreatedAt], [r].[Id], [r0].[Id], [c0].[Id], [c0].[ChatRoomId], [c0].[Content], [c0].[IsRead], [c0].[SenderId], [c0].[SentAt], [r].[BookingId], [r].[CreatedAt], [r].[Reason], [r].[ReporterId], [r].[Status], [r0].[BookingId], [r0].[ClientId], [r0].[Comment], [r0].[CreatedAt], [r0].[Rating], [r0].[ServiceId]
FROM [Bookings] AS [b]
LEFT JOIN [ChatRooms] AS [c] ON [b].[Id] = [c].[BookingId]
LEFT JOIN [Reports] AS [r] ON [b].[Id] = [r].[BookingId]
LEFT JOIN [Reviews] AS [r0] ON [b].[Id] = [r0].[BookingId]
LEFT JOIN [ChatMessages] AS [c0] ON [c].[Id] = [c0].[ChatRoomId]
WHERE [b].[Status] = N'Pending'
ORDER BY [b].[Id], [c].[Id], [r].[Id], [r0].[Id]
2026-05-19 15:54:37.064 +01:00 [INF]  Executed DbCommand (76ms) [Parameters=[], CommandType='"Text"', CommandTimeout='60']
SELECT [b].[Id], [b].[ClientId], [b].[CompletedAt], [b].[CreatedAt], [b].[ProviderId], [b].[RequestedAt], [b].[ScheduledAt], [b].[ScheduledDate], [b].[ServiceId], [b].[Status], [b].[UpdatedAt], [c].[Id], [c].[BookingId], [c].[CreatedAt], [r].[Id], [r0].[Id], [c0].[Id], [c0].[ChatRoomId], [c0].[Content], [c0].[IsRead], [c0].[SenderId], [c0].[SentAt], [r].[BookingId], [r].[CreatedAt], [r].[Reason], [r].[ReporterId], [r].[Status], [r0].[BookingId], [r0].[ClientId], [r0].[Comment], [r0].[CreatedAt], [r0].[Rating], [r0].[ServiceId]
FROM [Bookings] AS [b]
LEFT JOIN [ChatRooms] AS [c] ON [b].[Id] = [c].[BookingId]
LEFT JOIN [Reports] AS [r] ON [b].[Id] = [r].[BookingId]
LEFT JOIN [Reviews] AS [r0] ON [b].[Id] = [r0].[BookingId]
LEFT JOIN [ChatMessages] AS [c0] ON [c].[Id] = [c0].[ChatRoomId]
WHERE [b].[Status] = N'Pending'
ORDER BY [b].[Id], [c].[Id], [r].[Id], [r0].[Id]
2026-05-19 19:08:17.555 +01:00 [INF]  Executed DbCommand (73ms) [Parameters=[], CommandType='"Text"', CommandTimeout='60']
SELECT [b].[Id], [b].[ClientId], [b].[CompletedAt], [b].[CreatedAt], [b].[ProviderId], [b].[RequestedAt], [b].[ScheduledAt], [b].[ScheduledDate], [b].[ServiceId], [b].[Status], [b].[UpdatedAt], [c].[Id], [c].[BookingId], [c].[CreatedAt], [r].[Id], [r0].[Id], [c0].[Id], [c0].[ChatRoomId], [c0].[Content], [c0].[IsRead], [c0].[SenderId], [c0].[SentAt], [r].[BookingId], [r].[CreatedAt], [r].[Reason], [r].[ReporterId], [r].[Status], [r0].[BookingId], [r0].[ClientId], [r0].[Comment], [r0].[CreatedAt], [r0].[Rating], [r0].[ServiceId]
FROM [Bookings] AS [b]
LEFT JOIN [ChatRooms] AS [c] ON [b].[Id] = [c].[BookingId]
LEFT JOIN [Reports] AS [r] ON [b].[Id] = [r].[BookingId]
LEFT JOIN [Reviews] AS [r0] ON [b].[Id] = [r0].[BookingId]
LEFT JOIN [ChatMessages] AS [c0] ON [c].[Id] = [c0].[ChatRoomId]
WHERE [b].[Status] = N'Pending'
ORDER BY [b].[Id], [c].[Id], [r].[Id], [r0].[Id]
2026-05-19 20:55:03.020 +01:00 [INF]  Executed DbCommand (71ms) [Parameters=[], CommandType='"Text"', CommandTimeout='60']
SELECT [b].[Id], [b].[ClientId], [b].[CompletedAt], [b].[CreatedAt], [b].[ProviderId], [b].[RequestedAt], [b].[ScheduledAt], [b].[ScheduledDate], [b].[ServiceId], [b].[Status], [b].[UpdatedAt], [c].[Id], [c].[BookingId], [c].[CreatedAt], [r].[Id], [r0].[Id], [c0].[Id], [c0].[ChatRoomId], [c0].[Content], [c0].[IsRead], [c0].[SenderId], [c0].[SentAt], [r].[BookingId], [r].[CreatedAt], [r].[Reason], [r].[ReporterId], [r].[Status], [r0].[BookingId], [r0].[ClientId], [r0].[Comment], [r0].[CreatedAt], [r0].[Rating], [r0].[ServiceId]
FROM [Bookings] AS [b]
LEFT JOIN [ChatRooms] AS [c] ON [b].[Id] = [c].[BookingId]
LEFT JOIN [Reports] AS [r] ON [b].[Id] = [r].[BookingId]
LEFT JOIN [Reviews] AS [r0] ON [b].[Id] = [r0].[BookingId]
LEFT JOIN [ChatMessages] AS [c0] ON [c].[Id] = [c0].[ChatRoomId]
WHERE [b].[Status] = N'Pending'
ORDER BY [b].[Id], [c].[Id], [r].[Id], [r0].[Id]
2026-05-19 21:10:03.721 +01:00 [INF]  Executed DbCommand (73ms) [Parameters=[], CommandType='"Text"', CommandTimeout='60']
SELECT [b].[Id], [b].[ClientId], [b].[CompletedAt], [b].[CreatedAt], [b].[ProviderId], [b].[RequestedAt], [b].[ScheduledAt], [b].[ScheduledDate], [b].[ServiceId], [b].[Status], [b].[UpdatedAt], [c].[Id], [c].[BookingId], [c].[CreatedAt], [r].[Id], [r0].[Id], [c0].[Id], [c0].[ChatRoomId], [c0].[Content], [c0].[IsRead], [c0].[SenderId], [c0].[SentAt], [r].[BookingId], [r].[CreatedAt], [r].[Reason], [r].[ReporterId], [r].[Status], [r0].[BookingId], [r0].[ClientId], [r0].[Comment], [r0].[CreatedAt], [r0].[Rating], [r0].[ServiceId]
FROM [Bookings] AS [b]
LEFT JOIN [ChatRooms] AS [c] ON [b].[Id] = [c].[BookingId]
LEFT JOIN [Reports] AS [r] ON [b].[Id] = [r].[BookingId]
LEFT JOIN [Reviews] AS [r0] ON [b].[Id] = [r0].[BookingId]
LEFT JOIN [ChatMessages] AS [c0] ON [c].[Id] = [c0].[ChatRoomId]
WHERE [b].[Status] = N'Pending'
ORDER BY [b].[Id], [c].[Id], [r].[Id], [r0].[Id]
