2026-05-17 13:53:55.205 +01:00 [INF]  Executed DbCommand (71ms) [Parameters=[], CommandType='"Text"', CommandTimeout='60']
SELECT [b].[Id], [b].[ClientId], [b].[CompletedAt], [b].[CreatedAt], [b].[ProviderId], [b].[RequestedAt], [b].[ScheduledAt], [b].[ScheduledDate], [b].[ServiceId], [b].[Status], [b].[UpdatedAt], [c].[Id], [c].[BookingId], [c].[CreatedAt], [r].[Id], [r0].[Id], [c0].[Id], [c0].[ChatRoomId], [c0].[Content], [c0].[IsRead], [c0].[SenderId], [c0].[SentAt], [r].[BookingId], [r].[CreatedAt], [r].[Reason], [r].[ReporterId], [r].[Status], [r0].[BookingId], [r0].[ClientId], [r0].[Comment], [r0].[CreatedAt], [r0].[Rating], [r0].[ServiceId]
FROM [Bookings] AS [b]
LEFT JOIN [ChatRooms] AS [c] ON [b].[Id] = [c].[BookingId]
LEFT JOIN [Reports] AS [r] ON [b].[Id] = [r].[BookingId]
LEFT JOIN [Reviews] AS [r0] ON [b].[Id] = [r0].[BookingId]
LEFT JOIN [ChatMessages] AS [c0] ON [c].[Id] = [c0].[ChatRoomId]
WHERE [b].[Status] = N'Pending'
ORDER BY [b].[Id], [c].[Id], [r].[Id], [r0].[Id]
2026-05-17 19:25:55.457 +01:00 [INF]  Executed DbCommand (77ms) [Parameters=[], CommandType='"Text"', CommandTimeout='60']
SELECT [b].[Id], [b].[ClientId], [b].[CompletedAt], [b].[CreatedAt], [b].[ProviderId], [b].[RequestedAt], [b].[ScheduledAt], [b].[ScheduledDate], [b].[ServiceId], [b].[Status], [b].[UpdatedAt], [c].[Id], [c].[BookingId], [c].[CreatedAt], [r].[Id], [r0].[Id], [c0].[Id], [c0].[ChatRoomId], [c0].[Content], [c0].[IsRead], [c0].[SenderId], [c0].[SentAt], [r].[BookingId], [r].[CreatedAt], [r].[Reason], [r].[ReporterId], [r].[Status], [r0].[BookingId], [r0].[ClientId], [r0].[Comment], [r0].[CreatedAt], [r0].[Rating], [r0].[ServiceId]
FROM [Bookings] AS [b]
LEFT JOIN [ChatRooms] AS [c] ON [b].[Id] = [c].[BookingId]
LEFT JOIN [Reports] AS [r] ON [b].[Id] = [r].[BookingId]
LEFT JOIN [Reviews] AS [r0] ON [b].[Id] = [r0].[BookingId]
LEFT JOIN [ChatMessages] AS [c0] ON [c].[Id] = [c0].[ChatRoomId]
WHERE [b].[Status] = N'Pending'
ORDER BY [b].[Id], [c].[Id], [r].[Id], [r0].[Id]
2026-05-17 20:28:17.050 +01:00 [INF]  Executed DbCommand (57ms) [Parameters=[], CommandType='"Text"', CommandTimeout='60']
SELECT [b].[Id], [b].[ClientId], [b].[CompletedAt], [b].[CreatedAt], [b].[ProviderId], [b].[RequestedAt], [b].[ScheduledAt], [b].[ScheduledDate], [b].[ServiceId], [b].[Status], [b].[UpdatedAt], [c].[Id], [c].[BookingId], [c].[CreatedAt], [r].[Id], [r0].[Id], [c0].[Id], [c0].[ChatRoomId], [c0].[Content], [c0].[IsRead], [c0].[SenderId], [c0].[SentAt], [r].[BookingId], [r].[CreatedAt], [r].[Reason], [r].[ReporterId], [r].[Status], [r0].[BookingId], [r0].[ClientId], [r0].[Comment], [r0].[CreatedAt], [r0].[Rating], [r0].[ServiceId]
FROM [Bookings] AS [b]
LEFT JOIN [ChatRooms] AS [c] ON [b].[Id] = [c].[BookingId]
LEFT JOIN [Reports] AS [r] ON [b].[Id] = [r].[BookingId]
LEFT JOIN [Reviews] AS [r0] ON [b].[Id] = [r0].[BookingId]
LEFT JOIN [ChatMessages] AS [c0] ON [c].[Id] = [c0].[ChatRoomId]
WHERE [b].[Status] = N'Pending'
ORDER BY [b].[Id], [c].[Id], [r].[Id], [r0].[Id]
2026-05-17 20:43:17.972 +01:00 [INF]  Executed DbCommand (60ms) [Parameters=[], CommandType='"Text"', CommandTimeout='60']
SELECT [b].[Id], [b].[ClientId], [b].[CompletedAt], [b].[CreatedAt], [b].[ProviderId], [b].[RequestedAt], [b].[ScheduledAt], [b].[ScheduledDate], [b].[ServiceId], [b].[Status], [b].[UpdatedAt], [c].[Id], [c].[BookingId], [c].[CreatedAt], [r].[Id], [r0].[Id], [c0].[Id], [c0].[ChatRoomId], [c0].[Content], [c0].[IsRead], [c0].[SenderId], [c0].[SentAt], [r].[BookingId], [r].[CreatedAt], [r].[Reason], [r].[ReporterId], [r].[Status], [r0].[BookingId], [r0].[ClientId], [r0].[Comment], [r0].[CreatedAt], [r0].[Rating], [r0].[ServiceId]
FROM [Bookings] AS [b]
LEFT JOIN [ChatRooms] AS [c] ON [b].[Id] = [c].[BookingId]
LEFT JOIN [Reports] AS [r] ON [b].[Id] = [r].[BookingId]
LEFT JOIN [Reviews] AS [r0] ON [b].[Id] = [r0].[BookingId]
LEFT JOIN [ChatMessages] AS [c0] ON [c].[Id] = [c0].[ChatRoomId]
WHERE [b].[Status] = N'Pending'
ORDER BY [b].[Id], [c].[Id], [r].[Id], [r0].[Id]
2026-05-17 20:58:18.687 +01:00 [INF]  Executed DbCommand (61ms) [Parameters=[], CommandType='"Text"', CommandTimeout='60']
SELECT [b].[Id], [b].[ClientId], [b].[CompletedAt], [b].[CreatedAt], [b].[ProviderId], [b].[RequestedAt], [b].[ScheduledAt], [b].[ScheduledDate], [b].[ServiceId], [b].[Status], [b].[UpdatedAt], [c].[Id], [c].[BookingId], [c].[CreatedAt], [r].[Id], [r0].[Id], [c0].[Id], [c0].[ChatRoomId], [c0].[Content], [c0].[IsRead], [c0].[SenderId], [c0].[SentAt], [r].[BookingId], [r].[CreatedAt], [r].[Reason], [r].[ReporterId], [r].[Status], [r0].[BookingId], [r0].[ClientId], [r0].[Comment], [r0].[CreatedAt], [r0].[Rating], [r0].[ServiceId]
FROM [Bookings] AS [b]
LEFT JOIN [ChatRooms] AS [c] ON [b].[Id] = [c].[BookingId]
LEFT JOIN [Reports] AS [r] ON [b].[Id] = [r].[BookingId]
LEFT JOIN [Reviews] AS [r0] ON [b].[Id] = [r0].[BookingId]
LEFT JOIN [ChatMessages] AS [c0] ON [c].[Id] = [c0].[ChatRoomId]
WHERE [b].[Status] = N'Pending'
ORDER BY [b].[Id], [c].[Id], [r].[Id], [r0].[Id]
2026-05-17 21:13:19.267 +01:00 [INF]  Executed DbCommand (66ms) [Parameters=[], CommandType='"Text"', CommandTimeout='60']
SELECT [b].[Id], [b].[ClientId], [b].[CompletedAt], [b].[CreatedAt], [b].[ProviderId], [b].[RequestedAt], [b].[ScheduledAt], [b].[ScheduledDate], [b].[ServiceId], [b].[Status], [b].[UpdatedAt], [c].[Id], [c].[BookingId], [c].[CreatedAt], [r].[Id], [r0].[Id], [c0].[Id], [c0].[ChatRoomId], [c0].[Content], [c0].[IsRead], [c0].[SenderId], [c0].[SentAt], [r].[BookingId], [r].[CreatedAt], [r].[Reason], [r].[ReporterId], [r].[Status], [r0].[BookingId], [r0].[ClientId], [r0].[Comment], [r0].[CreatedAt], [r0].[Rating], [r0].[ServiceId]
FROM [Bookings] AS [b]
LEFT JOIN [ChatRooms] AS [c] ON [b].[Id] = [c].[BookingId]
LEFT JOIN [Reports] AS [r] ON [b].[Id] = [r].[BookingId]
LEFT JOIN [Reviews] AS [r0] ON [b].[Id] = [r0].[BookingId]
LEFT JOIN [ChatMessages] AS [c0] ON [c].[Id] = [c0].[ChatRoomId]
WHERE [b].[Status] = N'Pending'
ORDER BY [b].[Id], [c].[Id], [r].[Id], [r0].[Id]
2026-05-17 22:48:55.617 +01:00 [INF]  Executed DbCommand (58ms) [Parameters=[], CommandType='"Text"', CommandTimeout='60']
SELECT [b].[Id], [b].[ClientId], [b].[CompletedAt], [b].[CreatedAt], [b].[ProviderId], [b].[RequestedAt], [b].[ScheduledAt], [b].[ScheduledDate], [b].[ServiceId], [b].[Status], [b].[UpdatedAt], [c].[Id], [c].[BookingId], [c].[CreatedAt], [r].[Id], [r0].[Id], [c0].[Id], [c0].[ChatRoomId], [c0].[Content], [c0].[IsRead], [c0].[SenderId], [c0].[SentAt], [r].[BookingId], [r].[CreatedAt], [r].[Reason], [r].[ReporterId], [r].[Status], [r0].[BookingId], [r0].[ClientId], [r0].[Comment], [r0].[CreatedAt], [r0].[Rating], [r0].[ServiceId]
FROM [Bookings] AS [b]
LEFT JOIN [ChatRooms] AS [c] ON [b].[Id] = [c].[BookingId]
LEFT JOIN [Reports] AS [r] ON [b].[Id] = [r].[BookingId]
LEFT JOIN [Reviews] AS [r0] ON [b].[Id] = [r0].[BookingId]
LEFT JOIN [ChatMessages] AS [c0] ON [c].[Id] = [c0].[ChatRoomId]
WHERE [b].[Status] = N'Pending'
ORDER BY [b].[Id], [c].[Id], [r].[Id], [r0].[Id]
2026-05-17 23:03:56.270 +01:00 [INF]  Executed DbCommand (62ms) [Parameters=[], CommandType='"Text"', CommandTimeout='60']
SELECT [b].[Id], [b].[ClientId], [b].[CompletedAt], [b].[CreatedAt], [b].[ProviderId], [b].[RequestedAt], [b].[ScheduledAt], [b].[ScheduledDate], [b].[ServiceId], [b].[Status], [b].[UpdatedAt], [c].[Id], [c].[BookingId], [c].[CreatedAt], [r].[Id], [r0].[Id], [c0].[Id], [c0].[ChatRoomId], [c0].[Content], [c0].[IsRead], [c0].[SenderId], [c0].[SentAt], [r].[BookingId], [r].[CreatedAt], [r].[Reason], [r].[ReporterId], [r].[Status], [r0].[BookingId], [r0].[ClientId], [r0].[Comment], [r0].[CreatedAt], [r0].[Rating], [r0].[ServiceId]
FROM [Bookings] AS [b]
LEFT JOIN [ChatRooms] AS [c] ON [b].[Id] = [c].[BookingId]
LEFT JOIN [Reports] AS [r] ON [b].[Id] = [r].[BookingId]
LEFT JOIN [Reviews] AS [r0] ON [b].[Id] = [r0].[BookingId]
LEFT JOIN [ChatMessages] AS [c0] ON [c].[Id] = [c0].[ChatRoomId]
WHERE [b].[Status] = N'Pending'
ORDER BY [b].[Id], [c].[Id], [r].[Id], [r0].[Id]
2026-05-17 23:18:56.944 +01:00 [INF]  Executed DbCommand (64ms) [Parameters=[], CommandType='"Text"', CommandTimeout='60']
SELECT [b].[Id], [b].[ClientId], [b].[CompletedAt], [b].[CreatedAt], [b].[ProviderId], [b].[RequestedAt], [b].[ScheduledAt], [b].[ScheduledDate], [b].[ServiceId], [b].[Status], [b].[UpdatedAt], [c].[Id], [c].[BookingId], [c].[CreatedAt], [r].[Id], [r0].[Id], [c0].[Id], [c0].[ChatRoomId], [c0].[Content], [c0].[IsRead], [c0].[SenderId], [c0].[SentAt], [r].[BookingId], [r].[CreatedAt], [r].[Reason], [r].[ReporterId], [r].[Status], [r0].[BookingId], [r0].[ClientId], [r0].[Comment], [r0].[CreatedAt], [r0].[Rating], [r0].[ServiceId]
FROM [Bookings] AS [b]
LEFT JOIN [ChatRooms] AS [c] ON [b].[Id] = [c].[BookingId]
LEFT JOIN [Reports] AS [r] ON [b].[Id] = [r].[BookingId]
LEFT JOIN [Reviews] AS [r0] ON [b].[Id] = [r0].[BookingId]
LEFT JOIN [ChatMessages] AS [c0] ON [c].[Id] = [c0].[ChatRoomId]
WHERE [b].[Status] = N'Pending'
ORDER BY [b].[Id], [c].[Id], [r].[Id], [r0].[Id]
2026-05-17 23:33:57.632 +01:00 [INF]  Executed DbCommand (60ms) [Parameters=[], CommandType='"Text"', CommandTimeout='60']
SELECT [b].[Id], [b].[ClientId], [b].[CompletedAt], [b].[CreatedAt], [b].[ProviderId], [b].[RequestedAt], [b].[ScheduledAt], [b].[ScheduledDate], [b].[ServiceId], [b].[Status], [b].[UpdatedAt], [c].[Id], [c].[BookingId], [c].[CreatedAt], [r].[Id], [r0].[Id], [c0].[Id], [c0].[ChatRoomId], [c0].[Content], [c0].[IsRead], [c0].[SenderId], [c0].[SentAt], [r].[BookingId], [r].[CreatedAt], [r].[Reason], [r].[ReporterId], [r].[Status], [r0].[BookingId], [r0].[ClientId], [r0].[Comment], [r0].[CreatedAt], [r0].[Rating], [r0].[ServiceId]
FROM [Bookings] AS [b]
LEFT JOIN [ChatRooms] AS [c] ON [b].[Id] = [c].[BookingId]
LEFT JOIN [Reports] AS [r] ON [b].[Id] = [r].[BookingId]
LEFT JOIN [Reviews] AS [r0] ON [b].[Id] = [r0].[BookingId]
LEFT JOIN [ChatMessages] AS [c0] ON [c].[Id] = [c0].[ChatRoomId]
WHERE [b].[Status] = N'Pending'
ORDER BY [b].[Id], [c].[Id], [r].[Id], [r0].[Id]
2026-05-17 23:48:58.436 +01:00 [INF]  Executed DbCommand (64ms) [Parameters=[], CommandType='"Text"', CommandTimeout='60']
SELECT [b].[Id], [b].[ClientId], [b].[CompletedAt], [b].[CreatedAt], [b].[ProviderId], [b].[RequestedAt], [b].[ScheduledAt], [b].[ScheduledDate], [b].[ServiceId], [b].[Status], [b].[UpdatedAt], [c].[Id], [c].[BookingId], [c].[CreatedAt], [r].[Id], [r0].[Id], [c0].[Id], [c0].[ChatRoomId], [c0].[Content], [c0].[IsRead], [c0].[SenderId], [c0].[SentAt], [r].[BookingId], [r].[CreatedAt], [r].[Reason], [r].[ReporterId], [r].[Status], [r0].[BookingId], [r0].[ClientId], [r0].[Comment], [r0].[CreatedAt], [r0].[Rating], [r0].[ServiceId]
FROM [Bookings] AS [b]
LEFT JOIN [ChatRooms] AS [c] ON [b].[Id] = [c].[BookingId]
LEFT JOIN [Reports] AS [r] ON [b].[Id] = [r].[BookingId]
LEFT JOIN [Reviews] AS [r0] ON [b].[Id] = [r0].[BookingId]
LEFT JOIN [ChatMessages] AS [c0] ON [c].[Id] = [c0].[ChatRoomId]
WHERE [b].[Status] = N'Pending'
ORDER BY [b].[Id], [c].[Id], [r].[Id], [r0].[Id]
